Archive member included to satisfy reference by file (symbol)

/usr/lib/gcc/arm-none-eabi/14.1.0/thumb/v6-m/nofp/libgcc.a(_dvmd_tls.o)
                              CMakeFiles/blink.dir/home/aleks/Documents/freertos-pico/pico-sdk/src/rp2_common/pico_divider/divider_hardware.S.obj (__aeabi_idiv0)
/usr/lib/gcc/arm-none-eabi/14.1.0/../../../../arm-none-eabi/lib/thumb/v6-m/nofp/libg.a(libc_a-atexit.o)
                              /usr/lib/gcc/arm-none-eabi/14.1.0/../../../../arm-none-eabi/lib/thumb/v6-m/nofp/crt0.o (atexit)
/usr/lib/gcc/arm-none-eabi/14.1.0/../../../../arm-none-eabi/lib/thumb/v6-m/nofp/libg.a(libc_a-calloc.o)
                              CMakeFiles/blink.dir/home/aleks/Documents/freertos-pico/pico-sdk/src/rp2_common/pico_malloc/malloc.c.obj (calloc)
/usr/lib/gcc/arm-none-eabi/14.1.0/../../../../arm-none-eabi/lib/thumb/v6-m/nofp/libg.a(libc_a-callocr.o)
                              /usr/lib/gcc/arm-none-eabi/14.1.0/../../../../arm-none-eabi/lib/thumb/v6-m/nofp/libg.a(libc_a-calloc.o) (_calloc_r)
/usr/lib/gcc/arm-none-eabi/14.1.0/../../../../arm-none-eabi/lib/thumb/v6-m/nofp/libg.a(libc_a-malloc.o)
                              CMakeFiles/blink.dir/home/aleks/Documents/freertos-pico/pico-sdk/src/rp2_common/pico_malloc/malloc.c.obj (malloc)
/usr/lib/gcc/arm-none-eabi/14.1.0/../../../../arm-none-eabi/lib/thumb/v6-m/nofp/libg.a(libc_a-mallocr.o)
                              /usr/lib/gcc/arm-none-eabi/14.1.0/../../../../arm-none-eabi/lib/thumb/v6-m/nofp/libg.a(libc_a-callocr.o) (_malloc_r)
/usr/lib/gcc/arm-none-eabi/14.1.0/../../../../arm-none-eabi/lib/thumb/v6-m/nofp/libg.a(libc_a-mlock.o)
                              /usr/lib/gcc/arm-none-eabi/14.1.0/../../../../arm-none-eabi/lib/thumb/v6-m/nofp/libg.a(libc_a-mallocr.o) (__malloc_lock)
/usr/lib/gcc/arm-none-eabi/14.1.0/../../../../arm-none-eabi/lib/thumb/v6-m/nofp/libg.a(libc_a-realloc.o)
                              CMakeFiles/blink.dir/home/aleks/Documents/freertos-pico/pico-sdk/src/rp2_common/pico_malloc/malloc.c.obj (realloc)
/usr/lib/gcc/arm-none-eabi/14.1.0/../../../../arm-none-eabi/lib/thumb/v6-m/nofp/libg.a(libc_a-reallocr.o)
                              /usr/lib/gcc/arm-none-eabi/14.1.0/../../../../arm-none-eabi/lib/thumb/v6-m/nofp/libg.a(libc_a-realloc.o) (_realloc_r)
/usr/lib/gcc/arm-none-eabi/14.1.0/../../../../arm-none-eabi/lib/thumb/v6-m/nofp/libg.a(libc_a-memcmp.o)
                              CMakeFiles/blink.dir/home/aleks/Documents/freertos-pico/pico-sdk/src/rp2_common/pico_atomic/atomic.c.obj (memcmp)
/usr/lib/gcc/arm-none-eabi/14.1.0/../../../../arm-none-eabi/lib/thumb/v6-m/nofp/libg.a(libc_a-memmove.o)
                              /usr/lib/gcc/arm-none-eabi/14.1.0/../../../../arm-none-eabi/lib/thumb/v6-m/nofp/libg.a(libc_a-reallocr.o) (memmove)
/usr/lib/gcc/arm-none-eabi/14.1.0/../../../../arm-none-eabi/lib/thumb/v6-m/nofp/libg.a(libc_a-lcltime_r.o)
                              CMakeFiles/blink.dir/home/aleks/Documents/freertos-pico/pico-sdk/src/common/pico_util/datetime.c.obj (localtime_r)
/usr/lib/gcc/arm-none-eabi/14.1.0/../../../../arm-none-eabi/lib/thumb/v6-m/nofp/libg.a(libc_a-mktime.o)
                              CMakeFiles/blink.dir/home/aleks/Documents/freertos-pico/pico-sdk/src/common/pico_util/datetime.c.obj (mktime)
/usr/lib/gcc/arm-none-eabi/14.1.0/../../../../arm-none-eabi/lib/thumb/v6-m/nofp/libg.a(libc_a-month_lengths.o)
                              /usr/lib/gcc/arm-none-eabi/14.1.0/../../../../arm-none-eabi/lib/thumb/v6-m/nofp/libg.a(libc_a-lcltime_r.o) (__month_lengths)
/usr/lib/gcc/arm-none-eabi/14.1.0/../../../../arm-none-eabi/lib/thumb/v6-m/nofp/libg.a(libc_a-tzcalc_limits.o)
                              /usr/lib/gcc/arm-none-eabi/14.1.0/../../../../arm-none-eabi/lib/thumb/v6-m/nofp/libg.a(libc_a-lcltime_r.o) (__tzcalc_limits)
/usr/lib/gcc/arm-none-eabi/14.1.0/../../../../arm-none-eabi/lib/thumb/v6-m/nofp/libg.a(libc_a-tzlock.o)
                              /usr/lib/gcc/arm-none-eabi/14.1.0/../../../../arm-none-eabi/lib/thumb/v6-m/nofp/libg.a(libc_a-lcltime_r.o) (__tz_lock)
/usr/lib/gcc/arm-none-eabi/14.1.0/../../../../arm-none-eabi/lib/thumb/v6-m/nofp/libg.a(libc_a-tzset.o)
                              /usr/lib/gcc/arm-none-eabi/14.1.0/../../../../arm-none-eabi/lib/thumb/v6-m/nofp/libg.a(libc_a-lcltime_r.o) (_tzset_unlocked)
/usr/lib/gcc/arm-none-eabi/14.1.0/../../../../arm-none-eabi/lib/thumb/v6-m/nofp/libg.a(libc_a-tzset_r.o)
                              /usr/lib/gcc/arm-none-eabi/14.1.0/../../../../arm-none-eabi/lib/thumb/v6-m/nofp/libg.a(libc_a-tzset.o) (_tzset_unlocked_r)
/usr/lib/gcc/arm-none-eabi/14.1.0/../../../../arm-none-eabi/lib/thumb/v6-m/nofp/libg.a(libc_a-tzvars.o)
                              /usr/lib/gcc/arm-none-eabi/14.1.0/../../../../arm-none-eabi/lib/thumb/v6-m/nofp/libg.a(libc_a-tzset_r.o) (_timezone)
/usr/lib/gcc/arm-none-eabi/14.1.0/../../../../arm-none-eabi/lib/thumb/v6-m/nofp/libg.a(libc_a-impure.o)
[...]
Memory Configuration

Name             Origin             Length             Attributes
FLASH            0x10000000         0x00200000         xr
RAM              0x20000000         0x00040000         xrw
SCRATCH_X        0x20040000         0x00001000         xrw
SCRATCH_Y        0x20041000         0x00001000         xrw
*default*        0x00000000         0xffffffff

Linker script and memory map

LOAD /usr/lib/gcc/arm-none-eabi/14.1.0/thumb/v6-m/nofp/crti.o
LOAD /usr/lib/gcc/arm-none-eabi/14.1.0/thumb/v6-m/nofp/crtbegin.o
LOAD /usr/lib/gcc/arm-none-eabi/14.1.0/../../../../arm-none-eabi/lib/thumb/v6-m/nofp/crt0.o

.flash_begin    0x10000000        0x0
                0x10000000                        __flash_binary_start = .

.boot2          0x10000000      0x100
                0x10000000                        __boot2_start__ = .
 *(.boot2)
 .boot2         0x10000000      0x100 /tmp/ccxXdyaR.o
                0x10000100                        __boot2_end__ = .
                0x00000001                        ASSERT (((__boot2_end__ - __boot2_start__) == 0x100), ERROR: Pico second stage bootloader must be 256 bytes in size)

.text           0x10000100     0x4c80
                0x10000100                        __logical_binary_start = .
 *(.vectors)
 .vectors       0x10000100       0xd4 CMakeFiles/blink.dir/home/aleks/Documents/freertos-pico/pico-sdk/src/rp2_common/pico_crt0/crt0.S.obj
                0x10000100                __vectors
                0x10000100                __VECTOR_TABLE
                0x100001c0                isr_invalid
                0x100001c0                __default_isrs_start
                0x100001c2                isr_nmi
                0x100001c4                isr_hardfault
                0x100001c6                isr_svcall
                0x100001c8                isr_pendsv
                0x100001ca                isr_systick
                0x100001cc                isr_irq30
                0x100001cc                __unhandled_user_irq
                0x100001cc                isr_irq13
                0x100001cc                isr_irq27
                0x100001cc                isr_irq31
                0x100001cc                isr_irq5
                0x100001cc                isr_irq11
                0x100001cc                isr_irq23
                0x100001cc                isr_irq18
                0x100001cc                isr_irq28
                0x100001cc                isr_irq19
                0x100001cc                isr_irq0
                0x100001cc                isr_irq6
                0x100001cc                isr_irq22
                0x100001cc                isr_irq17
                0x100001cc                isr_irq14
                0x100001cc                isr_irq2
                0x100001cc                isr_irq10
                0x100001cc                isr_irq8
                0x100001cc                isr_irq24
                0x100001cc                isr_irq1
                0x100001cc                isr_irq7
                0x100001cc                isr_irq21
                0x100001cc                isr_irq20
                0x100001cc                isr_irq15
                0x100001cc                isr_irq25
                0x100001cc                isr_irq4
                0x100001cc                isr_irq16
                0x100001cc                isr_irq29
                0x100001cc                isr_irq26
                0x100001cc                __default_isrs_end
                0x100001cc                isr_irq3
                0x100001cc                isr_irq12
                0x100001cc                isr_irq9
                0x100001d2                unhandled_user_irq_num_in_r0
 *(.binary_info_header)
 .binary_info_header
                0x100001d4       0x14 CMakeFiles/blink.dir/home/aleks/Documents/freertos-pico/pico-sdk/src/rp2_common/pico_crt0/crt0.S.obj
                0x100001e8                        __binary_info_header_end = .
 *(.embedded_block)
                0x100001e8                        __embedded_block_end = .
 *(.reset)
 .reset         0x100001e8       0x9c CMakeFiles/blink.dir/home/aleks/Documents/freertos-pico/pico-sdk/src/rp2_common/pico_crt0/crt0.S.obj
                0x100001e8                _entry_point
 *(.init)
 .init          0x10000284        0x4 /usr/lib/gcc/arm-none-eabi/14.1.0/thumb/v6-m/nofp/crti.o
                0x10000284                _init
 *(EXCLUDE_FILE(*libm.a: *libc.a:*lib_a-mem*.o *libgcc.a:) .text*)
 .text          0x10000288       0x98 /usr/lib/gcc/arm-none-eabi/14.1.0/thumb/v6-m/nofp/crtbegin.o
 .text.vBlinkTask
                0x10000320       0x1c CMakeFiles/blink.dir/main.c.obj
                0x10000320                vBlinkTask
 .text.startup.main
                0x1000033c       0x38 CMakeFiles/blink.dir/main.c.obj
                0x1000033c                main
 .text.gpio_init
                0x10000374       0x40 CMakeFiles/blink.dir/home/aleks/Documents/freertos-pico/pico-sdk/src/rp2_common/hardware_gpio/gpio.c.obj
                0x10000374                gpio_init
 .text.panic    0x100003b4       0x30 CMakeFiles/blink.dir/home/aleks/Documents/freertos-pico/pico-sdk/src/rp2_common/pico_platform_panic/panic.c.obj
                0x100003b4                panic
 .text.panic_unsupported
                0x100003e4        0xc CMakeFiles/blink.dir/home/aleks/Documents/freertos-pico/pico-sdk/src/rp2_common/pico_platform_panic/panic.c.obj
                0x100003e4                panic_unsupported
 .text.hw_claim_or_assert
                0x100003f0       0x44 CMakeFiles/blink.dir/home/aleks/Documents/freertos-pico/pico-sdk/src/common/hardware_claim/claim.c.obj
                0x100003f0                hw_claim_or_assert
 .text.next_striped_spin_lock_num
                0x10000434       0x18 CMakeFiles/blink.dir/home/aleks/Documents/freertos-pico/pico-sdk/src/rp2_common/hardware_sync/sync.c.obj
                0x10000434                next_striped_spin_lock_num
 .text.spin_lock_claim
                0x1000044c       0x18 CMakeFiles/blink.dir/home/aleks/Documents/freertos-pico/pico-sdk/src/rp2_common/hardware_sync/sync.c.obj
                0x1000044c                spin_lock_claim
 .text.spin_locks_reset
                0x10000464       0x1c CMakeFiles/blink.dir/home/aleks/Documents/freertos-pico/pico-sdk/src/rp2_common/hardware_sync_spin_lock/sync_spin_lock.c.obj
                0x10000464                spin_locks_reset
 .text.runtime_init_per_core_irq_priorities
                0x10000480       0x24 CMakeFiles/blink.dir/home/aleks/Documents/freertos-pico/pico-sdk/src/rp2_common/hardware_irq/irq.c.obj
                0x10000480                runtime_init_per_core_irq_priorities
 .text.irq_set_enabled
                0x100004a4       0x24 CMakeFiles/blink.dir/home/aleks/Documents/freertos-pico/pico-sdk/src/rp2_common/hardware_irq/irq.c.obj
                0x100004a4                irq_set_enabled
 .text.irq_is_enabled
                0x100004c8       0x18 CMakeFiles/blink.dir/home/aleks/Documents/freertos-pico/pico-sdk/src/rp2_common/hardware_irq/irq.c.obj
                0x100004c8                irq_is_enabled
 .text.irq_set_exclusive_handler
                0x100004e0       0x54 CMakeFiles/blink.dir/home/aleks/Documents/freertos-pico/pico-sdk/src/rp2_common/hardware_irq/irq.c.obj
                0x100004e0                irq_set_exclusive_handler
 .text.irq_set_priority
                0x10000534       0x28 CMakeFiles/blink.dir/home/aleks/Documents/freertos-pico/pico-sdk/src/rp2_common/hardware_irq/irq.c.obj
                0x10000534                irq_set_priority
 .text.lock_init
                0x1000055c       0x10 CMakeFiles/blink.dir/home/aleks/Documents/freertos-pico/pico-sdk/src/common/pico_sync/lock_core.c.obj
                0x1000055c                lock_init
 .text.runtime_init_mutex
                0x1000056c       0x54 CMakeFiles/blink.dir/home/aleks/Documents/freertos-pico/pico-sdk/src/common/pico_sync/mutex.c.obj
                0x1000056c                runtime_init_mutex
 .text.alarm_pool_irq_handler
                0x100005c0      0x300 CMakeFiles/blink.dir/home/aleks/Documents/freertos-pico/pico-sdk/src/common/pico_time/time.c.obj
 .text.sleep_until_callback
                0x100008c0       0x24 CMakeFiles/blink.dir/home/aleks/Documents/freertos-pico/pico-sdk/src/common/pico_time/time.c.obj
 .text.runtime_init_default_alarm_pool
                0x100008e4       0xdc CMakeFiles/blink.dir/home/aleks/Documents/freertos-pico/pico-sdk/src/common/pico_time/time.c.obj
                0x100008e4                runtime_init_default_alarm_pool
 .text.alarm_pool_cancel_alarm
                0x100009c0       0x74 CMakeFiles/blink.dir/home/aleks/Documents/freertos-pico/pico-sdk/src/common/pico_time/time.c.obj
                0x100009c0                alarm_pool_cancel_alarm
 .text.best_effort_wfe_or_timeout
                0x10000a34      0x134 CMakeFiles/blink.dir/home/aleks/Documents/freertos-pico/pico-sdk/src/common/pico_time/time.c.obj
                0x10000a34                best_effort_wfe_or_timeout
 .text.timer_hardware_alarm_claim
                0x10000b68       0x14 CMakeFiles/blink.dir/home/aleks/Documents/freertos-pico/pico-sdk/src/rp2_common/hardware_timer/timer.c.obj
                0x10000b68                timer_hardware_alarm_claim
 .text.timer_time_us_64
                0x10000b7c       0x10 CMakeFiles/blink.dir/home/aleks/Documents/freertos-pico/pico-sdk/src/rp2_common/hardware_timer/timer.c.obj
                0x10000b7c                timer_time_us_64
 .text.time_us_64
                0x10000b8c       0x14 CMakeFiles/blink.dir/home/aleks/Documents/freertos-pico/pico-sdk/src/rp2_common/hardware_timer/timer.c.obj
                0x10000b8c                time_us_64
 .text.clock_configure_int_divider
                0x10000ba0       0xf4 CMakeFiles/blink.dir/home/aleks/Documents/freertos-pico/pico-sdk/src/rp2_common/hardware_clocks/clocks.c.obj
                0x10000ba0                clock_configure_int_divider
 .text.clock_configure_undivided
                0x10000c94       0xe8 CMakeFiles/blink.dir/home/aleks/Documents/freertos-pico/pico-sdk/src/rp2_common/hardware_clocks/clocks.c.obj
                0x10000c94                clock_configure_undivided
 .text.clock_get_hz
                0x10000d7c        0xc CMakeFiles/blink.dir/home/aleks/Documents/freertos-pico/pico-sdk/src/rp2_common/hardware_clocks/clocks.c.obj
                0x10000d7c                clock_get_hz
 .text.pll_init
                0x10000d88       0xa4 CMakeFiles/blink.dir/home/aleks/Documents/freertos-pico/pico-sdk/src/rp2_common/hardware_pll/pll.c.obj
                0x10000d88                pll_init
 .text.tick_start
                0x10000e2c       0x10 CMakeFiles/blink.dir/home/aleks/Documents/freertos-pico/pico-sdk/src/rp2_common/hardware_ticks/ticks.c.obj
                0x10000e2c                tick_start
 .text.xosc_init
                0x10000e3c       0x28 CMakeFiles/blink.dir/home/aleks/Documents/freertos-pico/pico-sdk/src/rp2_common/hardware_xosc/xosc.c.obj
                0x10000e3c                xosc_init
 .text.first_per_core_initializer
                0x10000e64        0x4 CMakeFiles/blink.dir/home/aleks/Documents/freertos-pico/pico-sdk/src/rp2_common/pico_runtime/runtime.c.obj
 .text.hard_assertion_failure
                0x10000e68        0xc CMakeFiles/blink.dir/home/aleks/Documents/freertos-pico/pico-sdk/src/rp2_common/pico_runtime/runtime.c.obj
                0x10000e68                hard_assertion_failure
 .text.runtime_run_initializers
                0x10000e74       0x28 CMakeFiles/blink.dir/home/aleks/Documents/freertos-pico/pico-sdk/src/rp2_common/pico_runtime/runtime.c.obj
                0x10000e74                runtime_run_initializers
 .text.runtime_run_per_core_initializers
                0x10000e9c       0x28 CMakeFiles/blink.dir/home/aleks/Documents/freertos-pico/pico-sdk/src/rp2_common/pico_runtime/runtime.c.obj
                0x10000e9c                runtime_run_per_core_initializers
 .text.runtime_init_early_resets
                0x10000ec4       0x2c CMakeFiles/blink.dir/home/aleks/Documents/freertos-pico/pico-sdk/src/rp2_common/pico_runtime_init/runtime_init.c.obj
                0x10000ec4                runtime_init_early_resets
 .text.runtime_init_usb_power_down
                0x10000ef0       0x1c CMakeFiles/blink.dir/home/aleks/Documents/freertos-pico/pico-sdk/src/rp2_common/pico_runtime_init/runtime_init.c.obj
                0x10000ef0                runtime_init_usb_power_down
 .text.runtime_init_post_clock_resets
                0x10000f0c       0x20 CMakeFiles/blink.dir/home/aleks/Documents/freertos-pico/pico-sdk/src/rp2_common/pico_runtime_init/runtime_init.c.obj
                0x10000f0c                runtime_init_post_clock_resets
 .text.runtime_init_rp2040_gpio_ie_disable
                0x10000f2c       0x14 CMakeFiles/blink.dir/home/aleks/Documents/freertos-pico/pico-sdk/src/rp2_common/pico_runtime_init/runtime_init.c.obj
                0x10000f2c                runtime_init_rp2040_gpio_ie_disable
 .text.runtime_init_spin_locks_reset
                0x10000f40        0x8 CMakeFiles/blink.dir/home/aleks/Documents/freertos-pico/pico-sdk/src/rp2_common/pico_runtime_init/runtime_init.c.obj
                0x10000f40                runtime_init_spin_locks_reset
 .text.runtime_init_install_ram_vector_table
                0x10000f48       0x1c CMakeFiles/blink.dir/home/aleks/Documents/freertos-pico/pico-sdk/src/rp2_common/pico_runtime_init/runtime_init.c.obj
                0x10000f48                runtime_init_install_ram_vector_table
 .text.runtime_init_clocks
                0x10000f64       0xd8 CMakeFiles/blink.dir/home/aleks/Documents/freertos-pico/pico-sdk/src/rp2_common/pico_runtime_init/runtime_init_clocks.c.obj
                0x10000f64                runtime_init_clocks
 .text          0x1000103c       0x10 CMakeFiles/blink.dir/home/aleks/Documents/freertos-pico/pico-sdk/src/rp2_common/pico_bit_ops/bit_ops_aeabi.S.obj
 .text.clzsi    0x1000104c        0xc CMakeFiles/blink.dir/home/aleks/Documents/freertos-pico/pico-sdk/src/rp2_common/pico_bit_ops/bit_ops_aeabi.S.obj
                0x1000104c                __wrap___clz
                0x1000104c                __wrap___clzsi2
                0x1000104c                __wrap___clzl
 .text.rom_func_lookup
                0x10001058       0x10 CMakeFiles/blink.dir/home/aleks/Documents/freertos-pico/pico-sdk/src/rp2_common/pico_bootrom/bootrom.c.obj
                0x10001058                rom_func_lookup
 .text.rom_data_lookup
                0x10001068       0x10 CMakeFiles/blink.dir/home/aleks/Documents/freertos-pico/pico-sdk/src/rp2_common/pico_bootrom/bootrom.c.obj
                0x10001068                rom_data_lookup
 .text.rom_funcs_lookup
                0x10001078       0x44 CMakeFiles/blink.dir/home/aleks/Documents/freertos-pico/pico-sdk/src/rp2_common/pico_bootrom/bootrom.c.obj
                0x10001078                rom_funcs_lookup
 .text.__wrap___aeabi_uidiv
                0x100010bc       0x4c CMakeFiles/blink.dir/home/aleks/Documents/freertos-pico/pico-sdk/src/rp2_common/pico_divider/divider_hardware.S.obj
                0x100010bc                __wrap___aeabi_uidiv
                0x100010bc                __wrap___aeabi_uidivmod
                0x100010bc                div_u32u32
                0x100010bc                divmod_u32u32
                0x100010c4                divmod_u32u32_unsafe
                0x100010ec                divmod_u32u32_savestate
 .text.__wrap___aeabi_ldiv
                0x10001108      0x424 CMakeFiles/blink.dir/home/aleks/Documents/freertos-pico/pico-sdk/src/rp2_common/pico_divider/divider_hardware.S.obj
                0x10001108                div_s64s64
                0x10001108                divmod_s64s64
                0x10001108                __wrap___aeabi_ldivmod
                0x10001138                div_u64u64
                0x10001138                divmod_u64u64
                0x10001138                __wrap___aeabi_uldivmod
                0x10001148                divmod_u64u64_savestate
                0x10001168                divmod_s64s64_unsafe
                0x100011f0                divmod_u64u64_unsafe
 .text.__aeabi_double_init
                0x1000152c       0xa4 CMakeFiles/blink.dir/home/aleks/Documents/freertos-pico/pico-sdk/src/rp2_common/pico_double/double_init_rom_rp2040.c.obj
                0x1000152c                __aeabi_double_init
 .text.double_table_shim_on_use_helper
                0x100015d0       0x2c CMakeFiles/blink.dir/home/aleks/Documents/freertos-pico/pico-sdk/src/rp2_common/pico_double/double_v1_rom_shim_rp2040.S.obj
                0x100015d0                double_table_shim_on_use_helper
 .text.__aeabi_float_init
                0x100015fc       0x64 CMakeFiles/blink.dir/home/aleks/Documents/freertos-pico/pico-sdk/src/rp2_common/pico_float/float_init_rom_rp2040.c.obj
                0x100015fc                __aeabi_float_init
 .text.float_table_shim_on_use_helper
                0x10001660       0x2c CMakeFiles/blink.dir/home/aleks/Documents/freertos-pico/pico-sdk/src/rp2_common/pico_float/float_v1_rom_shim_rp2040.S.obj
                0x10001660                float_table_shim_on_use_helper
 .text          0x1000168c       0x10 CMakeFiles/blink.dir/home/aleks/Documents/freertos-pico/pico-sdk/src/rp2_common/pico_mem_ops/mem_ops_aeabi.S.obj
                0x1000168c                __aeabi_mem_init
 .text.memset   0x1000169c        0xc CMakeFiles/blink.dir/home/aleks/Documents/freertos-pico/pico-sdk/src/rp2_common/pico_mem_ops/mem_ops_aeabi.S.obj
                0x1000169c                __wrap_memset
 .text.memcpy   0x100016a8        0xc CMakeFiles/blink.dir/home/aleks/Documents/freertos-pico/pico-sdk/src/rp2_common/pico_mem_ops/mem_ops_aeabi.S.obj
                0x100016a8                __wrap___aeabi_memcpy
                0x100016a8                __wrap_memcpy
 .text._out_char
                0x100016b4       0x10 CMakeFiles/blink.dir/home/aleks/Documents/freertos-pico/pico-sdk/src/rp2_common/pico_printf/printf.c.obj
 .text.weak_raw_vprintf
                0x100016c4       0x30 CMakeFiles/blink.dir/home/aleks/Documents/freertos-pico/pico-sdk/src/rp2_common/pico_printf/printf.c.obj
                0x100016c4                weak_raw_vprintf
 .text._exit    0x100016f4        0x4 CMakeFiles/blink.dir/home/aleks/Documents/freertos-pico/pico-sdk/src/rp2_common/pico_clib_interface/newlib_interface.c.obj
                0x100016f4                _exit
 .text.exit     0x100016f8        0x8 CMakeFiles/blink.dir/home/aleks/Documents/freertos-pico/pico-sdk/src/rp2_common/pico_clib_interface/newlib_interface.c.obj
                0x100016f8                exit
 .text.runtime_init
                0x10001700       0x2c CMakeFiles/blink.dir/home/aleks/Documents/freertos-pico/pico-sdk/src/rp2_common/pico_clib_interface/newlib_interface.c.obj
                0x10001700                runtime_init
 .text.stdio_out_chars_no_crlf
                0x1000172c       0x10 CMakeFiles/blink.dir/home/aleks/Documents/freertos-pico/pico-sdk/src/rp2_common/pico_stdio/stdio.c.obj
 .text.stdio_out_chars_crlf
                0x1000173c       0xb0 CMakeFiles/blink.dir/home/aleks/Documents/freertos-pico/pico-sdk/src/rp2_common/pico_stdio/stdio.c.obj
 .text.stdio_put_string
                0x100017ec       0xfc CMakeFiles/blink.dir/home/aleks/Documents/freertos-pico/pico-sdk/src/rp2_common/pico_stdio/stdio.c.obj
                0x100017ec                stdio_put_string
 .text.__wrap_putchar
                0x100018e8       0x94 CMakeFiles/blink.dir/home/aleks/Documents/freertos-pico/pico-sdk/src/rp2_common/pico_stdio/stdio.c.obj
                0x100018e8                stdio_putchar
                0x100018e8                __wrap_putchar
 .text.__wrap_puts
                0x1000197c       0x3c CMakeFiles/blink.dir/home/aleks/Documents/freertos-pico/pico-sdk/src/rp2_common/pico_stdio/stdio.c.obj
                0x1000197c                __wrap_puts
                0x1000197c                stdio_puts
 .text.vPortSVCHandler
                0x100019b8        0x4 CMakeFiles/blink.dir/home/aleks/Documents/freertos-pico/FreeRTOS-Kernel/portable/ThirdParty/GCC/RP2040/port.c.obj
                0x100019b8                vPortSVCHandler
 *fill*         0x100019bc        0x4 
 .text.vPortStartFirstTask
                0x100019c0       0x38 CMakeFiles/blink.dir/home/aleks/Documents/freertos-pico/FreeRTOS-Kernel/portable/ThirdParty/GCC/RP2040/port.c.obj
 .text.prvFIFOInterruptHandler
                0x100019f8       0x2c CMakeFiles/blink.dir/home/aleks/Documents/freertos-pico/FreeRTOS-Kernel/portable/ThirdParty/GCC/RP2040/port.c.obj
 *fill*         0x10001a24        0xc 
 .text.xPortPendSVHandler
                0x10001a30       0x78 CMakeFiles/blink.dir/home/aleks/Documents/freertos-pico/FreeRTOS-Kernel/portable/ThirdParty/GCC/RP2040/port.c.obj
                0x10001a30                xPortPendSVHandler
 .text.xPortSysTickHandler
                0x10001aa8       0x2c CMakeFiles/blink.dir/home/aleks/Documents/freertos-pico/FreeRTOS-Kernel/portable/ThirdParty/GCC/RP2040/port.c.obj
                0x10001aa8                xPortSysTickHandler
 .text.prvTaskExitError
                0x10001ad4        0x8 CMakeFiles/blink.dir/home/aleks/Documents/freertos-pico/FreeRTOS-Kernel/portable/ThirdParty/GCC/RP2040/port.c.obj
 .text.pxPortInitialiseStack
                0x10001adc       0x20 CMakeFiles/blink.dir/home/aleks/Documents/freertos-pico/FreeRTOS-Kernel/portable/ThirdParty/GCC/RP2040/port.c.obj
                0x10001adc                pxPortInitialiseStack
 .text.vPortYield
                0x10001afc       0x18 CMakeFiles/blink.dir/home/aleks/Documents/freertos-pico/FreeRTOS-Kernel/portable/ThirdParty/GCC/RP2040/port.c.obj
                0x10001afc                vPortYield
 .text.vPortEnableInterrupts
                0x10001b14       0x30 CMakeFiles/blink.dir/home/aleks/Documents/freertos-pico/FreeRTOS-Kernel/portable/ThirdParty/GCC/RP2040/port.c.obj
                0x10001b14                vPortEnableInterrupts
 .text.vYieldCore
                0x10001b44        0xc CMakeFiles/blink.dir/home/aleks/Documents/freertos-pico/FreeRTOS-Kernel/portable/ThirdParty/GCC/RP2040/port.c.obj
                0x10001b44                vYieldCore
 .text.vPortSetupTimerInterrupt
                0x10001b50       0x34 CMakeFiles/blink.dir/home/aleks/Documents/freertos-pico/FreeRTOS-Kernel/portable/ThirdParty/GCC/RP2040/port.c.obj
                0x10001b50                vPortSetupTimerInterrupt
 .text.xPortStartSchedulerOnCore.isra.0
                0x10001b84       0xa4 CMakeFiles/blink.dir/home/aleks/Documents/freertos-pico/FreeRTOS-Kernel/portable/ThirdParty/GCC/RP2040/port.c.obj
 .text.prvDisableInterruptsAndPortStartSchedulerOnCore
                0x10001c28        0xc CMakeFiles/blink.dir/home/aleks/Documents/freertos-pico/FreeRTOS-Kernel/portable/ThirdParty/GCC/RP2040/port.c.obj
 .text.xPortStartScheduler
                0x10001c34       0x28 CMakeFiles/blink.dir/home/aleks/Documents/freertos-pico/FreeRTOS-Kernel/portable/ThirdParty/GCC/RP2040/port.c.obj
                0x10001c34                xPortStartScheduler
 .text.ulPortLockGetCurrentOwnerId
                0x10001c5c       0x30 CMakeFiles/blink.dir/home/aleks/Documents/freertos-pico/FreeRTOS-Kernel/portable/ThirdParty/GCC/RP2040/port.c.obj
                0x10001c5c                ulPortLockGetCurrentOwnerId
 .text.vPortLockInternalSpinUnlockWithNotify
                0x10001c8c       0x80 CMakeFiles/blink.dir/home/aleks/Documents/freertos-pico/FreeRTOS-Kernel/portable/ThirdParty/GCC/RP2040/port.c.obj
                0x10001c8c                vPortLockInternalSpinUnlockWithNotify
 .text.xPortLockInternalSpinUnlockWithBestEffortWaitOrTimeout
                0x10001d0c       0xe8 CMakeFiles/blink.dir/home/aleks/Documents/freertos-pico/FreeRTOS-Kernel/portable/ThirdParty/GCC/RP2040/port.c.obj
                0x10001d0c                xPortLockInternalSpinUnlockWithBestEffortWaitOrTimeout
 .text.startup.prvRuntimeInitializer
                0x10001df4       0x10 CMakeFiles/blink.dir/home/aleks/Documents/freertos-pico/FreeRTOS-Kernel/portable/ThirdParty/GCC/RP2040/port.c.obj
 .text.vEventGroupSetBitsCallback
                0x10001e04       0x90 CMakeFiles/blink.dir/home/aleks/Documents/freertos-pico/FreeRTOS-Kernel/event_groups.c.obj
                0x10001e04                vEventGroupSetBitsCallback
 .text.xEventGroupCreate
                0x10001e94       0x18 CMakeFiles/blink.dir/home/aleks/Documents/freertos-pico/FreeRTOS-Kernel/event_groups.c.obj
                0x10001e94                xEventGroupCreate
 .text.xEventGroupWaitBits
                0x10001eac       0xb8 CMakeFiles/blink.dir/home/aleks/Documents/freertos-pico/FreeRTOS-Kernel/event_groups.c.obj
                0x10001eac                xEventGroupWaitBits
 .text.xEventGroupSetBits
                0x10001f64       0x94 CMakeFiles/blink.dir/home/aleks/Documents/freertos-pico/FreeRTOS-Kernel/event_groups.c.obj
                0x10001f64                xEventGroupSetBits
 .text.xEventGroupSetBitsFromISR
                0x10001ff8       0x18 CMakeFiles/blink.dir/home/aleks/Documents/freertos-pico/FreeRTOS-Kernel/event_groups.c.obj
                0x10001ff8                xEventGroupSetBitsFromISR
 .text.vListInitialise
                0x10002010       0x18 CMakeFiles/blink.dir/home/aleks/Documents/freertos-pico/FreeRTOS-Kernel/list.c.obj
                0x10002010                vListInitialise
 .text.vListInitialiseItem
                0x10002028        0x8 CMakeFiles/blink.dir/home/aleks/Documents/freertos-pico/FreeRTOS-Kernel/list.c.obj
                0x10002028                vListInitialiseItem
 .text.vListInsertEnd
                0x10002030       0x18 CMakeFiles/blink.dir/home/aleks/Documents/freertos-pico/FreeRTOS-Kernel/list.c.obj
                0x10002030                vListInsertEnd
 .text.vListInsert
                0x10002048       0x30 CMakeFiles/blink.dir/home/aleks/Documents/freertos-pico/FreeRTOS-Kernel/list.c.obj
                0x10002048                vListInsert
 .text.uxListRemove
                0x10002078       0x24 CMakeFiles/blink.dir/home/aleks/Documents/freertos-pico/FreeRTOS-Kernel/list.c.obj
                0x10002078                uxListRemove
 .text.prvUnlockQueue
                0x1000209c      0x16c CMakeFiles/blink.dir/home/aleks/Documents/freertos-pico/FreeRTOS-Kernel/queue.c.obj
 .text.prvNotifyQueueSetContainer
                0x10002208       0x88 CMakeFiles/blink.dir/home/aleks/Documents/freertos-pico/FreeRTOS-Kernel/queue.c.obj
 .text.xQueueGenericCreate
                0x10002290       0x6c CMakeFiles/blink.dir/home/aleks/Documents/freertos-pico/FreeRTOS-Kernel/queue.c.obj
                0x10002290                xQueueGenericCreate
 .text.xQueueGenericSend
                0x100022fc      0x1d4 CMakeFiles/blink.dir/home/aleks/Documents/freertos-pico/FreeRTOS-Kernel/queue.c.obj
                0x100022fc                xQueueGenericSend
 .text.xQueueGenericSendFromISR
                0x100024d0      0x140 CMakeFiles/blink.dir/home/aleks/Documents/freertos-pico/FreeRTOS-Kernel/queue.c.obj
                0x100024d0                xQueueGenericSendFromISR
 .text.xQueueReceive
                0x10002610      0x11c CMakeFiles/blink.dir/home/aleks/Documents/freertos-pico/FreeRTOS-Kernel/queue.c.obj
                0x10002610                xQueueReceive
 .text.vQueueAddToRegistry
                0x1000272c       0x60 CMakeFiles/blink.dir/home/aleks/Documents/freertos-pico/FreeRTOS-Kernel/queue.c.obj
                0x1000272c                vQueueAddToRegistry
 .text.vQueueWaitForMessageRestricted
                0x1000278c       0x48 CMakeFiles/blink.dir/home/aleks/Documents/freertos-pico/FreeRTOS-Kernel/queue.c.obj
                0x1000278c                vQueueWaitForMessageRestricted
 .text.prvMinimalIdleTask
                0x100027d4       0x18 CMakeFiles/blink.dir/home/aleks/Documents/freertos-pico/FreeRTOS-Kernel/tasks.c.obj
 .text.prvAddCurrentTaskToDelayedList
                0x100027ec       0xe0 CMakeFiles/blink.dir/home/aleks/Documents/freertos-pico/FreeRTOS-Kernel/tasks.c.obj
 .text.prvCheckForRunStateChange.part.0
                0x100028cc      0x194 CMakeFiles/blink.dir/home/aleks/Documents/freertos-pico/FreeRTOS-Kernel/tasks.c.obj
 .text.vTaskSuspendAll.part.0
                0x10002a60       0xf0 CMakeFiles/blink.dir/home/aleks/Documents/freertos-pico/FreeRTOS-Kernel/tasks.c.obj
 .text.prvYieldForTask
                0x10002b50       0xec CMakeFiles/blink.dir/home/aleks/Documents/freertos-pico/FreeRTOS-Kernel/tasks.c.obj
 .text.vTaskSuspendAll
                0x10002c3c      0x100 CMakeFiles/blink.dir/home/aleks/Documents/freertos-pico/FreeRTOS-Kernel/tasks.c.obj
                0x10002c3c                vTaskSuspendAll
 .text.xTaskGetTickCount
                0x10002d3c        0xc CMakeFiles/blink.dir/home/aleks/Documents/freertos-pico/FreeRTOS-Kernel/tasks.c.obj
                0x10002d3c                xTaskGetTickCount
 .text.vTaskSwitchContext
                0x10002d48      0x354 CMakeFiles/blink.dir/home/aleks/Documents/freertos-pico/FreeRTOS-Kernel/tasks.c.obj
                0x10002d48                vTaskSwitchContext
 .text.vTaskPlaceOnEventList
                0x1000309c       0xe0 CMakeFiles/blink.dir/home/aleks/Documents/freertos-pico/FreeRTOS-Kernel/tasks.c.obj
                0x1000309c                vTaskPlaceOnEventList
 .text.vTaskPlaceOnUnorderedEventList
                0x1000317c       0x48 CMakeFiles/blink.dir/home/aleks/Documents/freertos-pico/FreeRTOS-Kernel/tasks.c.obj
                0x1000317c                vTaskPlaceOnUnorderedEventList
 .text.vTaskPlaceOnEventListRestricted
                0x100031c4      0x100 CMakeFiles/blink.dir/home/aleks/Documents/freertos-pico/FreeRTOS-Kernel/tasks.c.obj
                0x100031c4                vTaskPlaceOnEventListRestricted
 .text.xTaskRemoveFromEventList
                0x100032c4      0x154 CMakeFiles/blink.dir/home/aleks/Documents/freertos-pico/FreeRTOS-Kernel/tasks.c.obj
                0x100032c4                xTaskRemoveFromEventList
 .text.vTaskInternalSetTimeOutState
                0x10003418       0x18 CMakeFiles/blink.dir/home/aleks/Documents/freertos-pico/FreeRTOS-Kernel/tasks.c.obj
                0x10003418                vTaskInternalSetTimeOutState
 .text.xTaskCheckForTimeOut
                0x10003430      0x280 CMakeFiles/blink.dir/home/aleks/Documents/freertos-pico/FreeRTOS-Kernel/tasks.c.obj
                0x10003430                xTaskCheckForTimeOut
 .text.vTaskMissedYield
                0x100036b0       0x14 CMakeFiles/blink.dir/home/aleks/Documents/freertos-pico/FreeRTOS-Kernel/tasks.c.obj
                0x100036b0                vTaskMissedYield
 .text.xTaskGetCurrentTaskHandle
                0x100036c4       0x1c CMakeFiles/blink.dir/home/aleks/Documents/freertos-pico/FreeRTOS-Kernel/tasks.c.obj
                0x100036c4                xTaskGetCurrentTaskHandle
 .text.xTaskGetSchedulerState
                0x100036e0      0x1f4 CMakeFiles/blink.dir/home/aleks/Documents/freertos-pico/FreeRTOS-Kernel/tasks.c.obj
                0x100036e0                xTaskGetSchedulerState
 .text.xTaskPriorityDisinherit
                0x100038d4       0x58 CMakeFiles/blink.dir/home/aleks/Documents/freertos-pico/FreeRTOS-Kernel/tasks.c.obj
                0x100038d4                xTaskPriorityDisinherit
 .text.vTaskYieldWithinAPI
                0x1000392c       0x34 CMakeFiles/blink.dir/home/aleks/Documents/freertos-pico/FreeRTOS-Kernel/tasks.c.obj
                0x1000392c                vTaskYieldWithinAPI
 .text.vTaskEnterCritical
                0x10003960      0x10c CMakeFiles/blink.dir/home/aleks/Documents/freertos-pico/FreeRTOS-Kernel/tasks.c.obj
                0x10003960                vTaskEnterCritical
 .text.vTaskExitCritical
                0x10003a6c       0xe4 CMakeFiles/blink.dir/home/aleks/Documents/freertos-pico/FreeRTOS-Kernel/tasks.c.obj
                0x10003a6c                vTaskExitCritical
 .text.prvIdleTask
                0x10003b50      0x188 CMakeFiles/blink.dir/home/aleks/Documents/freertos-pico/FreeRTOS-Kernel/tasks.c.obj
 .text.xTaskCreateAffinitySet
                0x10003cd8      0x290 CMakeFiles/blink.dir/home/aleks/Documents/freertos-pico/FreeRTOS-Kernel/tasks.c.obj
                0x10003cd8                xTaskCreateAffinitySet
 .text.xTaskCreate
                0x10003f68       0x1c CMakeFiles/blink.dir/home/aleks/Documents/freertos-pico/FreeRTOS-Kernel/tasks.c.obj
                0x10003f68                xTaskCreate
 .text.vTaskStartScheduler
                0x10003f84       0x90 CMakeFiles/blink.dir/home/aleks/Documents/freertos-pico/FreeRTOS-Kernel/tasks.c.obj
                0x10003f84                vTaskStartScheduler
 .text.xTaskIncrementTick
                0x10004014      0x230 CMakeFiles/blink.dir/home/aleks/Documents/freertos-pico/FreeRTOS-Kernel/tasks.c.obj
                0x10004014                xTaskIncrementTick
 .text.xTaskResumeAll.part.0
                0x10004244      0x118 CMakeFiles/blink.dir/home/aleks/Documents/freertos-pico/FreeRTOS-Kernel/tasks.c.obj
 .text.xTaskResumeAll
                0x1000435c       0x18 CMakeFiles/blink.dir/home/aleks/Documents/freertos-pico/FreeRTOS-Kernel/tasks.c.obj
                0x1000435c                xTaskResumeAll
 .text.vTaskDelay
                0x10004374       0x70 CMakeFiles/blink.dir/home/aleks/Documents/freertos-pico/FreeRTOS-Kernel/tasks.c.obj
                0x10004374                vTaskDelay
 .text.vTaskRemoveFromUnorderedEventList
                0x100043e4       0x50 CMakeFiles/blink.dir/home/aleks/Documents/freertos-pico/FreeRTOS-Kernel/tasks.c.obj
                0x100043e4                vTaskRemoveFromUnorderedEventList
 .text.uxTaskResetEventItemValue
                0x10004434       0x48 CMakeFiles/blink.dir/home/aleks/Documents/freertos-pico/FreeRTOS-Kernel/tasks.c.obj
                0x10004434                uxTaskResetEventItemValue
 .text.prvSwitchTimerLists
                0x1000447c       0x9c CMakeFiles/blink.dir/home/aleks/Documents/freertos-pico/FreeRTOS-Kernel/timers.c.obj
 .text.prvTimerTask
                0x10004518      0x25c CMakeFiles/blink.dir/home/aleks/Documents/freertos-pico/FreeRTOS-Kernel/timers.c.obj
 .text.xTimerCreateTimerTask
                0x10004774       0x8c CMakeFiles/blink.dir/home/aleks/Documents/freertos-pico/FreeRTOS-Kernel/timers.c.obj
                0x10004774                xTimerCreateTimerTask
 .text.xTimerPendFunctionCallFromISR
                0x10004800       0x2c CMakeFiles/blink.dir/home/aleks/Documents/freertos-pico/FreeRTOS-Kernel/timers.c.obj
                0x10004800                xTimerPendFunctionCallFromISR
 .text.exception_set_exclusive_handler
                0x1000482c       0x48 CMakeFiles/blink.dir/home/aleks/Documents/freertos-pico/pico-sdk/src/rp2_common/hardware_exception/exception.c.obj
                0x1000482c                exception_set_exclusive_handler
 .text.core1_trampoline
                0x10004874        0x4 CMakeFiles/blink.dir/home/aleks/Documents/freertos-pico/pico-sdk/src/rp2_common/pico_multicore/multicore.c.obj
 .text.core1_wrapper
                0x10004878        0xc CMakeFiles/blink.dir/home/aleks/Documents/freertos-pico/pico-sdk/src/rp2_common/pico_multicore/multicore.c.obj
                0x10004878                core1_wrapper
 .text.multicore_launch_core1_raw
                0x10004884       0x8c CMakeFiles/blink.dir/home/aleks/Documents/freertos-pico/pico-sdk/src/rp2_common/pico_multicore/multicore.c.obj
                0x10004884                multicore_launch_core1_raw
 .text.multicore_launch_core1
                0x10004910       0x58 CMakeFiles/blink.dir/home/aleks/Documents/freertos-pico/pico-sdk/src/rp2_common/pico_multicore/multicore.c.obj
                0x10004910                multicore_launch_core1
 .text.pvPortMalloc
                0x10004968      0x190 CMakeFiles/blink.dir/home/aleks/Documents/freertos-pico/FreeRTOS-Kernel/portable/MemMang/heap_4.c.obj
                0x10004968                pvPortMalloc
 .text.vPortFree
                0x10004af8       0x9c CMakeFiles/blink.dir/home/aleks/Documents/freertos-pico/FreeRTOS-Kernel/portable/MemMang/heap_4.c.obj
                0x10004af8                vPortFree
 .text.atexit   0x10004b94       0x10 /usr/lib/gcc/arm-none-eabi/14.1.0/../../../../arm-none-eabi/lib/thumb/v6-m/nofp/libg.a(libc_a-atexit.o)
                0x10004b94                atexit
 .text.__libc_fini_array
                0x10004ba4       0x28 /usr/lib/gcc/arm-none-eabi/14.1.0/../../../../arm-none-eabi/lib/thumb/v6-m/nofp/libg.a(libc_a-fini.o)
                0x10004ba4                __libc_fini_array
 .text.__retarget_lock_acquire_recursive
                0x10004bcc        0x4 /usr/lib/gcc/arm-none-eabi/14.1.0/../../../../arm-none-eabi/lib/thumb/v6-m/nofp/libg.a(libc_a-lock.o)
                0x10004bcc                __retarget_lock_acquire_recursive
 .text.__retarget_lock_release_recursive
                0x10004bd0        0x4 /usr/lib/gcc/arm-none-eabi/14.1.0/../../../../arm-none-eabi/lib/thumb/v6-m/nofp/libg.a(libc_a-lock.o)
                0x10004bd0                __retarget_lock_release_recursive
 .text.strlen   0x10004bd4       0x5c /usr/lib/gcc/arm-none-eabi/14.1.0/../../../../arm-none-eabi/lib/thumb/v6-m/nofp/libg.a(libc_a-strlen-stub.o)
                0x10004bd4                strlen
 .text.__register_exitproc
                0x10004c30       0xa8 /usr/lib/gcc/arm-none-eabi/14.1.0/../../../../arm-none-eabi/lib/thumb/v6-m/nofp/libg.a(libc_a-__atexit.o)
                0x10004c30                __register_exitproc
 .text.startup.register_fini
                0x10004cd8       0x18 /usr/lib/gcc/arm-none-eabi/14.1.0/../../../../arm-none-eabi/lib/thumb/v6-m/nofp/libg.a(libc_a-__call_atexit.o)
 *(.fini)
 .fini          0x10004cf0        0x4 /usr/lib/gcc/arm-none-eabi/14.1.0/thumb/v6-m/nofp/crti.o
                0x10004cf0                _fini
 *fill*         0x10004cf4        0x4 
 .fini.__stub   0x10004cf8       0x40 linker stubs
 *crtbegin.o(.ctors)
 *crtbegin?.o(.ctors)
 *(EXCLUDE_FILE(*crtend.o *crtend?.o) .ctors)
 *(SORT_BY_NAME(.ctors.*))
 *(.ctors)
 *crtbegin.o(.dtors)
 *crtbegin?.o(.dtors)
 *(EXCLUDE_FILE(*crtend.o *crtend?.o) .dtors)
 *(SORT_BY_NAME(.dtors.*))
 *(.dtors)
                0x10004d38                        . = ALIGN (0x4)
                0x10004d38                        PROVIDE (__preinit_array_start = .)
 *(SORT_BY_NAME(.preinit_array.*))
 .preinit_array.00100
                0x10004d38        0x4 CMakeFiles/blink.dir/home/aleks/Documents/freertos-pico/pico-sdk/src/rp2_common/pico_runtime_init/runtime_init.c.obj
                0x10004d38                __pre_init_runtime_init_early_resets
 .preinit_array.00101
                0x10004d3c        0x4 CMakeFiles/blink.dir/home/aleks/Documents/freertos-pico/pico-sdk/src/rp2_common/pico_runtime_init/runtime_init.c.obj
                0x10004d3c                __pre_init_runtime_init_usb_power_down
 .preinit_array.00275
                0x10004d40        0x4 CMakeFiles/blink.dir/home/aleks/Documents/freertos-pico/pico-sdk/src/rp2_common/pico_bit_ops/bit_ops_aeabi.S.obj
 .preinit_array.00300
                0x10004d44        0x4 CMakeFiles/blink.dir/home/aleks/Documents/freertos-pico/pico-sdk/src/rp2_common/pico_mem_ops/mem_ops_aeabi.S.obj
 .preinit_array.00350
                0x10004d48        0x4 CMakeFiles/blink.dir/home/aleks/Documents/freertos-pico/pico-sdk/src/rp2_common/pico_double/double_aeabi_rp2040.S.obj
 .preinit_array.00350
                0x10004d4c        0x4 CMakeFiles/blink.dir/home/aleks/Documents/freertos-pico/pico-sdk/src/rp2_common/pico_float/float_aeabi_rp2040.S.obj
 .preinit_array.00500
                0x10004d50        0x4 CMakeFiles/blink.dir/home/aleks/Documents/freertos-pico/pico-sdk/src/rp2_common/pico_runtime_init/runtime_init.c.obj
                0x10004d50                __pre_init_runtime_init_clocks
 .preinit_array.00600
                0x10004d54        0x4 CMakeFiles/blink.dir/home/aleks/Documents/freertos-pico/pico-sdk/src/rp2_common/pico_runtime_init/runtime_init.c.obj
                0x10004d54                __pre_init_runtime_init_post_clock_resets
 .preinit_array.00700
                0x10004d58        0x4 CMakeFiles/blink.dir/home/aleks/Documents/freertos-pico/pico-sdk/src/rp2_common/pico_runtime_init/runtime_init.c.obj
                0x10004d58                __pre_init_runtime_init_rp2040_gpio_ie_disable
 .preinit_array.01000
                0x10004d5c        0x4 CMakeFiles/blink.dir/home/aleks/Documents/freertos-pico/pico-sdk/src/rp2_common/pico_runtime_init/runtime_init.c.obj
                0x10004d5c                __pre_init_runtime_init_spin_locks_reset
 .preinit_array.01100
                0x10004d60        0x4 CMakeFiles/blink.dir/home/aleks/Documents/freertos-pico/pico-sdk/src/common/pico_sync/mutex.c.obj
                0x10004d60                __pre_init_runtime_init_mutex
 .preinit_array.10080
                0x10004d64        0x4 CMakeFiles/blink.dir/home/aleks/Documents/freertos-pico/pico-sdk/src/rp2_common/pico_runtime_init/runtime_init.c.obj
                0x10004d64                __pre_init_runtime_init_install_ram_vector_table
 .preinit_array.11000
                0x10004d68        0x4 CMakeFiles/blink.dir/home/aleks/Documents/freertos-pico/pico-sdk/src/common/pico_time/time.c.obj
                0x10004d68                __pre_init_runtime_init_default_alarm_pool
 .preinit_array.YYYYY
                0x10004d6c        0x4 CMakeFiles/blink.dir/home/aleks/Documents/freertos-pico/pico-sdk/src/rp2_common/pico_runtime/runtime.c.obj
                0x10004d6c                __pre_init_first_per_core_initializer
 .preinit_array.ZZZZZ.01200
                0x10004d70        0x4 CMakeFiles/blink.dir/home/aleks/Documents/freertos-pico/pico-sdk/src/rp2_common/hardware_irq/irq.c.obj
                0x10004d70                __pre_init_runtime_init_per_core_irq_priorities
 *(.preinit_array)
                0x10004d74                        PROVIDE (__preinit_array_end = .)
                0x10004d74                        . = ALIGN (0x4)
                0x10004d74                        PROVIDE (__init_array_start = .)
 *(SORT_BY_NAME(.init_array.*))
 .init_array.00000
                0x10004d74        0x4 /usr/lib/gcc/arm-none-eabi/14.1.0/../../../../arm-none-eabi/lib/thumb/v6-m/nofp/libg.a(libc_a-__call_atexit.o)
 *(.init_array)
 .init_array    0x10004d78        0x4 /usr/lib/gcc/arm-none-eabi/14.1.0/thumb/v6-m/nofp/crtbegin.o
 .init_array    0x10004d7c        0x4 CMakeFiles/blink.dir/home/aleks/Documents/freertos-pico/FreeRTOS-Kernel/portable/ThirdParty/GCC/RP2040/port.c.obj
                0x10004d80                        PROVIDE (__init_array_end = .)
                0x10004d80                        . = ALIGN (0x4)
                0x10004d80                        PROVIDE (__fini_array_start = .)
 *(SORT_BY_NAME(.fini_array.*))
 *(.fini_array)
                0x10004d80                        PROVIDE (__fini_array_end = .)
 *(.eh_frame*)
 .eh_frame      0x10004d80        0x0 /usr/lib/gcc/arm-none-eabi/14.1.0/thumb/v6-m/nofp/crtbegin.o
                0x10004d80                        . = ALIGN (0x4)

.glue_7         0x10004d80        0x0
 .glue_7        0x10004d80        0x0 linker stubs

.glue_7t        0x10004d80        0x0
 .glue_7t       0x10004d80        0x0 linker stubs

.vfp11_veneer   0x10004d80        0x0
 .vfp11_veneer  0x10004d80        0x0 linker stubs

.v4_bx          0x10004d80        0x0
 .v4_bx         0x10004d80        0x0 linker stubs

.iplt           0x10004d80        0x0
 .iplt          0x10004d80        0x0 /usr/lib/gcc/arm-none-eabi/14.1.0/thumb/v6-m/nofp/crtbegin.o

.rodata         0x10004d80      0x134
 *(EXCLUDE_FILE(*libm.a: *libc.a:*lib_a-mem*.o *libgcc.a:) .rodata*)
 .rodata.main.str1.4
                0x10004d80       0xbc CMakeFiles/blink.dir/main.c.obj
                                  0xb (size before relaxing)
 .rodata.panic.str1.4
                0x10004e3c       0x12 CMakeFiles/blink.dir/home/aleks/Documents/freertos-pico/pico-sdk/src/rp2_common/pico_platform_panic/panic.c.obj
 .rodata.panic_unsupported.str1.4
                0x10004e3c        0xe CMakeFiles/blink.dir/home/aleks/Documents/freertos-pico/pico-sdk/src/rp2_common/pico_platform_panic/panic.c.obj
 .rodata.spin_lock_claim.str1.4
                0x10004e3c       0x1f CMakeFiles/blink.dir/home/aleks/Documents/freertos-pico/pico-sdk/src/rp2_common/hardware_sync/sync.c.obj
 .rodata.timer_hardware_alarm_claim.str1.4
                0x10004e3c       0x22 CMakeFiles/blink.dir/home/aleks/Documents/freertos-pico/pico-sdk/src/rp2_common/hardware_timer/timer.c.obj
 .rodata.hard_assertion_failure.str1.4
                0x10004e3c        0xc CMakeFiles/blink.dir/home/aleks/Documents/freertos-pico/pico-sdk/src/rp2_common/pico_runtime/runtime.c.obj
 .rodata.str1.4
                0x10004e3c       0x2c CMakeFiles/blink.dir/home/aleks/Documents/freertos-pico/pico-sdk/src/rp2_common/pico_standard_binary_info/standard_binary_info.c.obj
 .rodata.__bi_84
                0x10004e3c        0xc CMakeFiles/blink.dir/home/aleks/Documents/freertos-pico/pico-sdk/src/rp2_common/pico_standard_binary_info/standard_binary_info.c.obj
 .rodata.__bi_54
                0x10004e48        0xc CMakeFiles/blink.dir/home/aleks/Documents/freertos-pico/pico-sdk/src/rp2_common/pico_standard_binary_info/standard_binary_info.c.obj
 .rodata.__bi_48
                0x10004e54        0xc CMakeFiles/blink.dir/home/aleks/Documents/freertos-pico/pico-sdk/src/rp2_common/pico_standard_binary_info/standard_binary_info.c.obj
 .rodata.__bi_42
                0x10004e60        0xc CMakeFiles/blink.dir/home/aleks/Documents/freertos-pico/pico-sdk/src/rp2_common/pico_standard_binary_info/standard_binary_info.c.obj
 .rodata.__bi_34
                0x10004e6c        0xc CMakeFiles/blink.dir/home/aleks/Documents/freertos-pico/pico-sdk/src/rp2_common/pico_standard_binary_info/standard_binary_info.c.obj
 .rodata.__bi_26
                0x10004e78        0xc CMakeFiles/blink.dir/home/aleks/Documents/freertos-pico/pico-sdk/src/rp2_common/pico_standard_binary_info/standard_binary_info.c.obj
 .rodata.crlf_str.0
                0x10004e84        0x2 CMakeFiles/blink.dir/home/aleks/Documents/freertos-pico/pico-sdk/src/rp2_common/pico_stdio/stdio.c.obj
 *fill*         0x10004e86        0x2 
 .rodata.uxTopUsedPriority
                0x10004e88        0x4 CMakeFiles/blink.dir/home/aleks/Documents/freertos-pico/FreeRTOS-Kernel/tasks.c.obj
                0x10004e88                uxTopUsedPriority
 .rodata.prvTimerTask
                0x10004e8c       0x28 CMakeFiles/blink.dir/home/aleks/Documents/freertos-pico/FreeRTOS-Kernel/timers.c.obj
 .rodata.xTimerCreateTimerTask.str1.4
                0x10004eb4       0x10 CMakeFiles/blink.dir/home/aleks/Documents/freertos-pico/FreeRTOS-Kernel/timers.c.obj
                0x10004ec4                        . = ALIGN (0x4)
 *(SORT_BY_ALIGNMENT(SORT_BY_NAME(.flashdata*)))
                0x10004ec4                        . = ALIGN (0x4)

.ARM.extab
 *(.ARM.extab* .gnu.linkonce.armextab.*)
                0x10004eb4                        __exidx_start = .

.ARM.exidx
 *(.ARM.exidx* .gnu.linkonce.armexidx.*)
                0x10004eb4                        __exidx_end = .
                0x10004ec4                        . = ALIGN (0x4)
                0x10004eb4                        __binary_info_start = .

.binary_info    0x10004eb4       0x18
 *(.binary_info.keep.*)
 .binary_info.keep.__bi_ptr84
                0x10004eb4        0x4 CMakeFiles/blink.dir/home/aleks/Documents/freertos-pico/pico-sdk/src/rp2_common/pico_standard_binary_info/standard_binary_info.c.obj
 .binary_info.keep.__bi_ptr54
                0x10004eb8        0x4 CMakeFiles/blink.dir/home/aleks/Documents/freertos-pico/pico-sdk/src/rp2_common/pico_standard_binary_info/standard_binary_info.c.obj
 .binary_info.keep.__bi_ptr48
                0x10004ebc        0x4 CMakeFiles/blink.dir/home/aleks/Documents/freertos-pico/pico-sdk/src/rp2_common/pico_standard_binary_info/standard_binary_info.c.obj
 .binary_info.keep.__bi_ptr42
                0x10004ec0        0x4 CMakeFiles/blink.dir/home/aleks/Documents/freertos-pico/pico-sdk/src/rp2_common/pico_standard_binary_info/standard_binary_info.c.obj
 .binary_info.keep.__bi_ptr34
                0x10004ec4        0x4 CMakeFiles/blink.dir/home/aleks/Documents/freertos-pico/pico-sdk/src/rp2_common/pico_standard_binary_info/standard_binary_info.c.obj
 .binary_info.keep.__bi_ptr26
                0x10004ec8        0x4 CMakeFiles/blink.dir/home/aleks/Documents/freertos-pico/pico-sdk/src/rp2_common/pico_standard_binary_info/standard_binary_info.c.obj
 *(.binary_info.*)
                0x10004ecc                        __binary_info_end = .

.rel.dyn        0x10004ecc        0x0
 .rel.iplt      0x10004ecc        0x0 /usr/lib/gcc/arm-none-eabi/14.1.0/thumb/v6-m/nofp/crtbegin.o
                0x10004ecc                        . = ALIGN (0x4)

.ram_vector_table
                0x20000000       0xc0
 *(.ram_vector_table)
 .ram_vector_table
                0x20000000       0xc0 CMakeFiles/blink.dir/home/aleks/Documents/freertos-pico/pico-sdk/src/rp2_common/pico_runtime_init/runtime_init.c.obj
                0x20000000                ram_vector_table

.uninitialized_data
                0x200000c0        0x0
                0x200000c0                        . = ALIGN (0x4)
 *(.uninitialized_data*)

.data           0x200000c0      0x158 load address 0x10004ecc
                0x200000c0                        __data_start__ = .
 *(vtable)
 *(.time_critical*)
 .time_critical.mutex_try_enter_block_until
                0x200000c0       0xa0 CMakeFiles/blink.dir/home/aleks/Documents/freertos-pico/pico-sdk/src/common/pico_sync/mutex.c.obj
                0x200000c0                mutex_try_enter_block_until
 .time_critical.mutex_exit
                0x20000160       0x20 CMakeFiles/blink.dir/home/aleks/Documents/freertos-pico/pico-sdk/src/common/pico_sync/mutex.c.obj
                0x20000160                mutex_exit
 *(.text*)
 .text          0x20000180        0x4 /usr/lib/gcc/arm-none-eabi/14.1.0/thumb/v6-m/nofp/libgcc.a(_dvmd_tls.o)
                0x20000180                __aeabi_ldiv0
                0x20000180                __aeabi_idiv0
 *fill*         0x20000184        0x4 
 .text.__stub   0x20000188       0x30 linker stubs
                0x200001b8                        . = ALIGN (0x4)
 *(.rodata*)
                0x200001b8                        . = ALIGN (0x4)
 *(.data*)
 .data.striped_spin_lock_num
                0x200001b8        0x1 CMakeFiles/blink.dir/home/aleks/Documents/freertos-pico/pico-sdk/src/rp2_common/hardware_sync/sync.c.obj
 *fill*         0x200001b9        0x3 
 .data.default_alarm_pool
                0x200001bc       0x18 CMakeFiles/blink.dir/home/aleks/Documents/freertos-pico/pico-sdk/src/common/pico_time/time.c.obj
 *fill*         0x200001d4        0xc 
 .data.aeabi_bits_funcs
                0x200001e0       0x10 CMakeFiles/blink.dir/home/aleks/Documents/freertos-pico/pico-sdk/src/rp2_common/pico_bit_ops/bit_ops_aeabi.S.obj
                0x200001e0                aeabi_bits_funcs
                0x200001f0                aeabi_bits_funcs_end
 .data.aeabi_mem_funcs
                0x200001f0       0x10 CMakeFiles/blink.dir/home/aleks/Documents/freertos-pico/pico-sdk/src/rp2_common/pico_mem_ops/mem_ops_aeabi.S.obj
                0x200001f0                aeabi_mem_funcs
                0x20000200                aeabi_mem_funcs_end
 .data.ucPrimaryCoreNum
                0x20000200        0x1 CMakeFiles/blink.dir/home/aleks/Documents/freertos-pico/FreeRTOS-Kernel/portable/ThirdParty/GCC/RP2040/port.c.obj
 *fill*         0x20000201        0x3 
 .data.__atexit_recursive_mutex
                0x20000204        0x4 /usr/lib/gcc/arm-none-eabi/14.1.0/../../../../arm-none-eabi/lib/thumb/v6-m/nofp/libg.a(libc_a-__call_atexit.o)
                0x20000204                __atexit_recursive_mutex
                0x20000208                        . = ALIGN (0x4)
 *(.after_data.*)
                0x20000208                        . = ALIGN (0x4)
                0x20000208                        PROVIDE (__mutex_array_start = .)
 *(SORT_BY_NAME(.mutex_array.*))
 *(.mutex_array)
 .mutex_array   0x20000208        0x8 CMakeFiles/blink.dir/home/aleks/Documents/freertos-pico/pico-sdk/src/rp2_common/pico_malloc/malloc.c.obj
 .mutex_array   0x20000210        0x8 CMakeFiles/blink.dir/home/aleks/Documents/freertos-pico/pico-sdk/src/rp2_common/pico_stdio/stdio.c.obj
                0x20000218                        PROVIDE (__mutex_array_end = .)
                0x20000218                        . = ALIGN (0x4)
 *(.jcr)
                0x20000218                        . = ALIGN (0x4)

.tm_clone_table
                0x20000218        0x0 load address 0x10005024
 .tm_clone_table
                0x20000218        0x0 /usr/lib/gcc/arm-none-eabi/14.1.0/thumb/v6-m/nofp/crtbegin.o
 .tm_clone_table
                0x20000218        0x0 /usr/lib/gcc/arm-none-eabi/14.1.0/thumb/v6-m/nofp/crtend.o

.igot.plt       0x20000218        0x0 load address 0x10005024
 .igot.plt      0x20000218        0x0 /usr/lib/gcc/arm-none-eabi/14.1.0/thumb/v6-m/nofp/crtbegin.o

.tdata          0x20000218        0x0 load address 0x10005024
                0x20000218                        . = ALIGN (0x4)
 *(.tdata .tdata.* .gnu.linkonce.td.*)
                0x20000218                        __tdata_end = .
                0x20000218                        PROVIDE (__data_end__ = .)
                0x10004ecc                        __etext = LOADADDR (.data)

.tbss           0x20000218        0x0 load address 0x10005024
                0x20000218                        . = ALIGN (0x4)
                0x20000218                        __bss_start__ = .
                0x20000218                        __tls_base = .
 *(.tbss .tbss.* .gnu.linkonce.tb.*)
 *(.tcommon)
                0x20000218                        __tls_end = .

.bss            0x20000218    0x2096c load address 0x10005024
                0x20000218                        . = ALIGN (0x4)
                0x20000218                        __tbss_end = .
 *(SORT_BY_ALIGNMENT(SORT_BY_NAME(.bss*)))
 .bss.default_alarm_pool_entries
                0x20000218      0x180 CMakeFiles/blink.dir/home/aleks/Documents/freertos-pico/pico-sdk/src/common/pico_time/time.c.obj
 .bss.sd_table  0x20000398      0x100 CMakeFiles/blink.dir/home/aleks/Documents/freertos-pico/pico-sdk/src/rp2_common/pico_double/double_init_rom_rp2040.c.obj
                0x20000398                sd_table
 .bss.sf_table  0x20000498      0x100 CMakeFiles/blink.dir/home/aleks/Documents/freertos-pico/pico-sdk/src/rp2_common/pico_float/float_init_rom_rp2040.c.obj
                0x20000498                sf_table
 .bss.xQueueRegistry
                0x20000598       0x40 CMakeFiles/blink.dir/home/aleks/Documents/freertos-pico/FreeRTOS-Kernel/queue.c.obj
                0x20000598                xQueueRegistry
 .bss           0x200005d8       0x1c /usr/lib/gcc/arm-none-eabi/14.1.0/thumb/v6-m/nofp/crtbegin.o
 .bss.__atexit  0x200005f4        0x4 /usr/lib/gcc/arm-none-eabi/14.1.0/../../../../arm-none-eabi/lib/thumb/v6-m/nofp/libg.a(libc_a-__call_atexit.o)
                0x200005f4                __atexit
 .bss.__atexit0
                0x200005f8      0x190 /usr/lib/gcc/arm-none-eabi/14.1.0/../../../../arm-none-eabi/lib/thumb/v6-m/nofp/libg.a(libc_a-__atexit.o)
                0x200005f8                __atexit0
 .bss.__lock___atexit_recursive_mutex
                0x20000788        0x1 /usr/lib/gcc/arm-none-eabi/14.1.0/../../../../arm-none-eabi/lib/thumb/v6-m/nofp/libg.a(libc_a-lock.o)
                0x20000788                __lock___atexit_recursive_mutex
 *fill*         0x20000789        0x3 
 .bss.claimed   0x2000078c        0x4 CMakeFiles/blink.dir/home/aleks/Documents/freertos-pico/pico-sdk/src/rp2_common/hardware_sync/sync.c.obj
 .bss.claimed   0x20000790        0x1 CMakeFiles/blink.dir/home/aleks/Documents/freertos-pico/pico-sdk/src/rp2_common/hardware_timer/timer.c.obj
 *fill*         0x20000791        0x3 
 .bss.configured_freq
                0x20000794       0x28 CMakeFiles/blink.dir/home/aleks/Documents/freertos-pico/pico-sdk/src/rp2_common/hardware_clocks/clocks.c.obj
 .bss.drivers   0x200007bc        0x4 CMakeFiles/blink.dir/home/aleks/Documents/freertos-pico/pico-sdk/src/rp2_common/pico_stdio/stdio.c.obj
 .bss.filter    0x200007c0        0x4 CMakeFiles/blink.dir/home/aleks/Documents/freertos-pico/pico-sdk/src/rp2_common/pico_stdio/stdio.c.obj
 .bss.lazy_vsnprintf
                0x200007c4        0x4 CMakeFiles/blink.dir/home/aleks/Documents/freertos-pico/pico-sdk/src/rp2_common/pico_printf/printf.c.obj
 .bss.pools     0x200007c8       0x10 CMakeFiles/blink.dir/home/aleks/Documents/freertos-pico/pico-sdk/src/common/pico_time/time.c.obj
 .bss.pxCurrentTCBs
                0x200007d8        0x8 CMakeFiles/blink.dir/home/aleks/Documents/freertos-pico/FreeRTOS-Kernel/tasks.c.obj
                0x200007d8                pxCurrentTCBs
 .bss.pxCurrentTimerList
                0x200007e0        0x4 CMakeFiles/blink.dir/home/aleks/Documents/freertos-pico/FreeRTOS-Kernel/timers.c.obj
 .bss.pxDelayedTaskList
                0x200007e4        0x4 CMakeFiles/blink.dir/home/aleks/Documents/freertos-pico/FreeRTOS-Kernel/tasks.c.obj
 .bss.pxEnd     0x200007e8        0x4 CMakeFiles/blink.dir/home/aleks/Documents/freertos-pico/FreeRTOS-Kernel/portable/MemMang/heap_4.c.obj
 .bss.pxOverflowDelayedTaskList
                0x200007ec        0x4 CMakeFiles/blink.dir/home/aleks/Documents/freertos-pico/FreeRTOS-Kernel/tasks.c.obj
 .bss.pxOverflowTimerList
                0x200007f0        0x4 CMakeFiles/blink.dir/home/aleks/Documents/freertos-pico/FreeRTOS-Kernel/timers.c.obj
 .bss.pxReadyTasksLists
                0x200007f4      0x280 CMakeFiles/blink.dir/home/aleks/Documents/freertos-pico/FreeRTOS-Kernel/tasks.c.obj
 .bss.pxYieldSpinLock
                0x20000a74        0x8 CMakeFiles/blink.dir/home/aleks/Documents/freertos-pico/FreeRTOS-Kernel/portable/ThirdParty/GCC/RP2040/port.c.obj
 .bss.sf_clz_func
                0x20000a7c        0x4 CMakeFiles/blink.dir/home/aleks/Documents/freertos-pico/pico-sdk/src/rp2_common/pico_double/double_init_rom_rp2040.c.obj
                0x20000a7c                sf_clz_func
 .bss.sleep_notifier
                0x20000a80        0x4 CMakeFiles/blink.dir/home/aleks/Documents/freertos-pico/pico-sdk/src/common/pico_time/time.c.obj
 .bss.ucHeap    0x20000a84    0x20000 CMakeFiles/blink.dir/home/aleks/Documents/freertos-pico/FreeRTOS-Kernel/portable/MemMang/heap_4.c.obj
 .bss.ucOwnedByCore.1
                0x20020a84        0x2 CMakeFiles/blink.dir/home/aleks/Documents/freertos-pico/FreeRTOS-Kernel/tasks.c.obj
 *fill*         0x20020a86        0x2 
 .bss.ucRecursionCountByLock.0
                0x20020a88        0x2 CMakeFiles/blink.dir/home/aleks/Documents/freertos-pico/FreeRTOS-Kernel/tasks.c.obj
 *fill*         0x20020a8a        0x2 
 .bss.ulYieldSpinLockSaveValue
                0x20020a8c        0x8 CMakeFiles/blink.dir/home/aleks/Documents/freertos-pico/FreeRTOS-Kernel/portable/ThirdParty/GCC/RP2040/port.c.obj
 .bss.uxCurrentNumberOfTasks
                0x20020a94        0x4 CMakeFiles/blink.dir/home/aleks/Documents/freertos-pico/FreeRTOS-Kernel/tasks.c.obj
 .bss.uxDeletedTasksWaitingCleanUp
                0x20020a98        0x4 CMakeFiles/blink.dir/home/aleks/Documents/freertos-pico/FreeRTOS-Kernel/tasks.c.obj
 .bss.uxSchedulerSuspended
                0x20020a9c        0x4 CMakeFiles/blink.dir/home/aleks/Documents/freertos-pico/FreeRTOS-Kernel/tasks.c.obj
 .bss.uxTaskNumber
                0x20020aa0        0x4 CMakeFiles/blink.dir/home/aleks/Documents/freertos-pico/FreeRTOS-Kernel/tasks.c.obj
 .bss.uxTopReadyPriority
                0x20020aa4        0x4 CMakeFiles/blink.dir/home/aleks/Documents/freertos-pico/FreeRTOS-Kernel/tasks.c.obj
 .bss.xActiveTimerList1
                0x20020aa8       0x14 CMakeFiles/blink.dir/home/aleks/Documents/freertos-pico/FreeRTOS-Kernel/timers.c.obj
 .bss.xActiveTimerList2
                0x20020abc       0x14 CMakeFiles/blink.dir/home/aleks/Documents/freertos-pico/FreeRTOS-Kernel/timers.c.obj
 .bss.xBlockAllocatedBit
                0x20020ad0        0x4 CMakeFiles/blink.dir/home/aleks/Documents/freertos-pico/FreeRTOS-Kernel/portable/MemMang/heap_4.c.obj
 .bss.xDelayedTaskList1
                0x20020ad4       0x14 CMakeFiles/blink.dir/home/aleks/Documents/freertos-pico/FreeRTOS-Kernel/tasks.c.obj
 .bss.xDelayedTaskList2
                0x20020ae8       0x14 CMakeFiles/blink.dir/home/aleks/Documents/freertos-pico/FreeRTOS-Kernel/tasks.c.obj
 .bss.xEventGroup
                0x20020afc        0x4 CMakeFiles/blink.dir/home/aleks/Documents/freertos-pico/FreeRTOS-Kernel/portable/ThirdParty/GCC/RP2040/port.c.obj
 .bss.xFreeBytesRemaining
                0x20020b00        0x4 CMakeFiles/blink.dir/home/aleks/Documents/freertos-pico/FreeRTOS-Kernel/portable/MemMang/heap_4.c.obj
 .bss.xIdleTaskHandle
                0x20020b04        0x8 CMakeFiles/blink.dir/home/aleks/Documents/freertos-pico/FreeRTOS-Kernel/tasks.c.obj
 .bss.xLastTime.0
                0x20020b0c        0x4 CMakeFiles/blink.dir/home/aleks/Documents/freertos-pico/FreeRTOS-Kernel/timers.c.obj
 .bss.xMinimumEverFreeBytesRemaining
                0x20020b10        0x4 CMakeFiles/blink.dir/home/aleks/Documents/freertos-pico/FreeRTOS-Kernel/portable/MemMang/heap_4.c.obj
 .bss.xNextTaskUnblockTime
                0x20020b14        0x4 CMakeFiles/blink.dir/home/aleks/Documents/freertos-pico/FreeRTOS-Kernel/tasks.c.obj
 .bss.xNumOfOverflows
                0x20020b18        0x4 CMakeFiles/blink.dir/home/aleks/Documents/freertos-pico/FreeRTOS-Kernel/tasks.c.obj
 .bss.xNumberOfSuccessfulAllocations
                0x20020b1c        0x4 CMakeFiles/blink.dir/home/aleks/Documents/freertos-pico/FreeRTOS-Kernel/portable/MemMang/heap_4.c.obj
 .bss.xNumberOfSuccessfulFrees
                0x20020b20        0x4 CMakeFiles/blink.dir/home/aleks/Documents/freertos-pico/FreeRTOS-Kernel/portable/MemMang/heap_4.c.obj
 .bss.xPendedTicks
                0x20020b24        0x4 CMakeFiles/blink.dir/home/aleks/Documents/freertos-pico/FreeRTOS-Kernel/tasks.c.obj
 .bss.xPendingReadyList
                0x20020b28       0x14 CMakeFiles/blink.dir/home/aleks/Documents/freertos-pico/FreeRTOS-Kernel/tasks.c.obj
 .bss.xSchedulerRunning
                0x20020b3c        0x4 CMakeFiles/blink.dir/home/aleks/Documents/freertos-pico/FreeRTOS-Kernel/tasks.c.obj
 .bss.xStart    0x20020b40        0x8 CMakeFiles/blink.dir/home/aleks/Documents/freertos-pico/FreeRTOS-Kernel/portable/MemMang/heap_4.c.obj
 .bss.xSuspendedTaskList
                0x20020b48       0x14 CMakeFiles/blink.dir/home/aleks/Documents/freertos-pico/FreeRTOS-Kernel/tasks.c.obj
 .bss.xTasksWaitingTermination
                0x20020b5c       0x14 CMakeFiles/blink.dir/home/aleks/Documents/freertos-pico/FreeRTOS-Kernel/tasks.c.obj
 .bss.xTickCount
                0x20020b70        0x4 CMakeFiles/blink.dir/home/aleks/Documents/freertos-pico/FreeRTOS-Kernel/tasks.c.obj
 .bss.xTimerQueue
                0x20020b74        0x4 CMakeFiles/blink.dir/home/aleks/Documents/freertos-pico/FreeRTOS-Kernel/timers.c.obj
 .bss.xTimerTaskHandle
                0x20020b78        0x4 CMakeFiles/blink.dir/home/aleks/Documents/freertos-pico/FreeRTOS-Kernel/timers.c.obj
 .bss.xYieldPendings
                0x20020b7c        0x8 CMakeFiles/blink.dir/home/aleks/Documents/freertos-pico/FreeRTOS-Kernel/tasks.c.obj
 *(COMMON)
                0x20020b84                        . = ALIGN (0x4)
                0x20020b84                        __bss_end__ = .

.heap           0x20020b84    0x1f47c load address 0x10005024
                0x20020b84                        __end__ = .
                0x20020b84                        end = __end__
 *(.heap*)
 .heap          0x20020b84      0x800 CMakeFiles/blink.dir/home/aleks/Documents/freertos-pico/pico-sdk/src/rp2_common/pico_crt0/crt0.S.obj
                0x20040000                        . = (ORIGIN (RAM) + LENGTH (RAM))
 *fill*         0x20021384    0x1ec7c 
                0x20040000                        __HeapLimit = .

.scratch_x      0x20040000        0x0 load address 0x10005024
                0x20040000                        __scratch_x_start__ = .
 *(.scratch_x.*)
                0x20040000                        . = ALIGN (0x4)
                0x20040000                        __scratch_x_end__ = .
                0x10005024                        __scratch_x_source__ = LOADADDR (.scratch_x)

.scratch_y      0x20041000        0x0 load address 0x10005024
                0x20041000                        __scratch_y_start__ = .
 *(.scratch_y.*)
                0x20041000                        . = ALIGN (0x4)
                0x20041000                        __scratch_y_end__ = .
                0x10005024                        __scratch_y_source__ = LOADADDR (.scratch_y)

.stack1_dummy   0x20040000      0x800
 *(.stack1*)
 .stack1        0x20040000      0x800 CMakeFiles/blink.dir/home/aleks/Documents/freertos-pico/pico-sdk/src/rp2_common/pico_multicore/multicore.c.obj

.stack_dummy    0x20041000      0x800
 *(.stack*)
 .stack         0x20041000      0x800 CMakeFiles/blink.dir/home/aleks/Documents/freertos-pico/pico-sdk/src/rp2_common/pico_crt0/crt0.S.obj

.flash_end      0x10005024        0x0
 *(.embedded_end_block*)
                0x10005024                        PROVIDE (__flash_binary_end = .)
                0x20040000                        __StackLimit = (ORIGIN (RAM) + LENGTH (RAM))
                0x20041000                        __StackOneTop = (ORIGIN (SCRATCH_X) + LENGTH (SCRATCH_X))
                0x20042000                        __StackTop = (ORIGIN (SCRATCH_Y) + LENGTH (SCRATCH_Y))
                0x20040800                        __StackOneBottom = (__StackOneTop - SIZEOF (.stack1_dummy))
                0x20041800                        __StackBottom = (__StackTop - SIZEOF (.stack_dummy))
                0x20042000                        PROVIDE (__stack = __StackTop)
                [!provide]                        PROVIDE (__heap_start = __end__)
                [!provide]                        PROVIDE (__heap_end = __HeapLimit)
                [!provide]                        PROVIDE (__tls_align = MAX (ALIGNOF (.tdata), ALIGNOF (.tbss)))
                [!provide]                        PROVIDE (__tls_size_align = (((__tls_size + __tls_align) - 0x1) & ~ ((__tls_align - 0x1))))
                [!provide]                        PROVIDE (__arm32_tls_tcb_offset = MAX (0x8, __tls_align))
                [!provide]                        PROVIDE (_end = __end__)
                [!provide]                        PROVIDE (__llvm_libc_heap_limit = __HeapLimit)
                0x00000001                        ASSERT ((__StackLimit >= __HeapLimit), region RAM overflowed)
                0x00000001                        ASSERT (((__binary_info_header_end - __logical_binary_start) <= 0x100), Binary info must be in first 256 bytes of the binary)
LOAD CMakeFiles/blink.dir/main.c.obj
LOAD CMakeFiles/blink.dir/home/aleks/Documents/freertos-pico/pico-sdk/src/rp2_common/pico_stdlib/stdlib.c.obj
LOAD CMakeFiles/blink.dir/home/aleks/Documents/freertos-pico/pico-sdk/src/rp2_common/hardware_gpio/gpio.c.obj
LOAD CMakeFiles/blink.dir/home/aleks/Documents/freertos-pico/pico-sdk/src/rp2040/pico_platform/platform.c.obj
LOAD CMakeFiles/blink.dir/home/aleks/Documents/freertos-pico/pico-sdk/src/rp2_common/pico_platform_panic/panic.c.obj
LOAD CMakeFiles/blink.dir/home/aleks/Documents/freertos-pico/pico-sdk/src/common/hardware_claim/claim.c.obj
LOAD CMakeFiles/blink.dir/home/aleks/Documents/freertos-pico/pico-sdk/src/rp2_common/hardware_sync/sync.c.obj
LOAD CMakeFiles/blink.dir/home/aleks/Documents/freertos-pico/pico-sdk/src/rp2_common/hardware_sync_spin_lock/sync_spin_lock.c.obj
LOAD CMakeFiles/blink.dir/home/aleks/Documents/freertos-pico/pico-sdk/src/rp2_common/hardware_irq/irq.c.obj
LOAD CMakeFiles/blink.dir/home/aleks/Documents/freertos-pico/pico-sdk/src/rp2_common/hardware_irq/irq_handler_chain.S.obj
LOAD CMakeFiles/blink.dir/home/aleks/Documents/freertos-pico/pico-sdk/src/common/pico_sync/sem.c.obj
LOAD CMakeFiles/blink.dir/home/aleks/Documents/freertos-pico/pico-sdk/src/common/pico_sync/lock_core.c.obj
LOAD CMakeFiles/blink.dir/home/aleks/Documents/freertos-pico/pico-sdk/src/common/pico_sync/mutex.c.obj
LOAD CMakeFiles/blink.dir/home/aleks/Documents/freertos-pico/pico-sdk/src/common/pico_sync/critical_section.c.obj
LOAD CMakeFiles/blink.dir/home/aleks/Documents/freertos-pico/pico-sdk/src/common/pico_time/time.c.obj
LOAD CMakeFiles/blink.dir/home/aleks/Documents/freertos-pico/pico-sdk/src/common/pico_time/timeout_helper.c.obj
LOAD CMakeFiles/blink.dir/home/aleks/Documents/freertos-pico/pico-sdk/src/rp2_common/hardware_timer/timer.c.obj
LOAD CMakeFiles/blink.dir/home/aleks/Documents/freertos-pico/pico-sdk/src/common/pico_util/datetime.c.obj
LOAD CMakeFiles/blink.dir/home/aleks/Documents/freertos-pico/pico-sdk/src/common/pico_util/pheap.c.obj
LOAD CMakeFiles/blink.dir/home/aleks/Documents/freertos-pico/pico-sdk/src/common/pico_util/queue.c.obj
LOAD CMakeFiles/blink.dir/home/aleks/Documents/freertos-pico/pico-sdk/src/rp2_common/hardware_uart/uart.c.obj
LOAD CMakeFiles/blink.dir/home/aleks/Documents/freertos-pico/pico-sdk/src/rp2_common/hardware_clocks/clocks.c.obj
LOAD CMakeFiles/blink.dir/home/aleks/Documents/freertos-pico/pico-sdk/src/rp2_common/hardware_pll/pll.c.obj
LOAD CMakeFiles/blink.dir/home/aleks/Documents/freertos-pico/pico-sdk/src/rp2_common/hardware_vreg/vreg.c.obj
LOAD CMakeFiles/blink.dir/home/aleks/Documents/freertos-pico/pico-sdk/src/rp2_common/hardware_watchdog/watchdog.c.obj
LOAD CMakeFiles/blink.dir/home/aleks/Documents/freertos-pico/pico-sdk/src/rp2_common/hardware_ticks/ticks.c.obj
LOAD CMakeFiles/blink.dir/home/aleks/Documents/freertos-pico/pico-sdk/src/rp2_common/hardware_xosc/xosc.c.obj
LOAD CMakeFiles/blink.dir/home/aleks/Documents/freertos-pico/pico-sdk/src/rp2_common/hardware_divider/divider.S.obj
LOAD CMakeFiles/blink.dir/home/aleks/Documents/freertos-pico/pico-sdk/src/rp2_common/pico_runtime/runtime.c.obj
LOAD CMakeFiles/blink.dir/home/aleks/Documents/freertos-pico/pico-sdk/src/rp2_common/pico_runtime_init/runtime_init.c.obj
LOAD CMakeFiles/blink.dir/home/aleks/Documents/freertos-pico/pico-sdk/src/rp2_common/pico_runtime_init/runtime_init_clocks.c.obj
LOAD CMakeFiles/blink.dir/home/aleks/Documents/freertos-pico/pico-sdk/src/rp2_common/pico_runtime_init/runtime_init_stack_guard.c.obj
LOAD CMakeFiles/blink.dir/home/aleks/Documents/freertos-pico/pico-sdk/src/rp2_common/pico_bit_ops/bit_ops_aeabi.S.obj
LOAD CMakeFiles/blink.dir/home/aleks/Documents/freertos-pico/pico-sdk/src/rp2_common/pico_bootrom/bootrom.c.obj
LOAD CMakeFiles/blink.dir/home/aleks/Documents/freertos-pico/pico-sdk/src/rp2_common/pico_bootrom/bootrom_lock.c.obj
LOAD CMakeFiles/blink.dir/home/aleks/Documents/freertos-pico/pico-sdk/src/rp2_common/hardware_boot_lock/boot_lock.c.obj
LOAD CMakeFiles/blink.dir/home/aleks/Documents/freertos-pico/pico-sdk/src/rp2_common/pico_divider/divider_hardware.S.obj
LOAD CMakeFiles/blink.dir/home/aleks/Documents/freertos-pico/pico-sdk/src/rp2_common/pico_double/double_aeabi_rp2040.S.obj
LOAD CMakeFiles/blink.dir/home/aleks/Documents/freertos-pico/pico-sdk/src/rp2_common/pico_double/double_init_rom_rp2040.c.obj
LOAD CMakeFiles/blink.dir/home/aleks/Documents/freertos-pico/pico-sdk/src/rp2_common/pico_double/double_math.c.obj
LOAD CMakeFiles/blink.dir/home/aleks/Documents/freertos-pico/pico-sdk/src/rp2_common/pico_double/double_v1_rom_shim_rp2040.S.obj
LOAD CMakeFiles/blink.dir/home/aleks/Documents/freertos-pico/pico-sdk/src/rp2_common/pico_int64_ops/pico_int64_ops_aeabi.S.obj
LOAD CMakeFiles/blink.dir/home/aleks/Documents/freertos-pico/pico-sdk/src/rp2_common/pico_float/float_aeabi_rp2040.S.obj
LOAD CMakeFiles/blink.dir/home/aleks/Documents/freertos-pico/pico-sdk/src/rp2_common/pico_float/float_init_rom_rp2040.c.obj
LOAD CMakeFiles/blink.dir/home/aleks/Documents/freertos-pico/pico-sdk/src/rp2_common/pico_float/float_math.c.obj
LOAD CMakeFiles/blink.dir/home/aleks/Documents/freertos-pico/pico-sdk/src/rp2_common/pico_float/float_v1_rom_shim_rp2040.S.obj
LOAD CMakeFiles/blink.dir/home/aleks/Documents/freertos-pico/pico-sdk/src/rp2_common/pico_malloc/malloc.c.obj
LOAD CMakeFiles/blink.dir/home/aleks/Documents/freertos-pico/pico-sdk/src/rp2_common/pico_mem_ops/mem_ops_aeabi.S.obj
LOAD CMakeFiles/blink.dir/home/aleks/Documents/freertos-pico/pico-sdk/src/rp2_common/pico_atomic/atomic.c.obj
LOAD CMakeFiles/blink.dir/home/aleks/Documents/freertos-pico/pico-sdk/src/rp2_common/pico_cxx_options/new_delete.cpp.obj
LOAD CMakeFiles/blink.dir/home/aleks/Documents/freertos-pico/pico-sdk/src/rp2_common/pico_standard_binary_info/standard_binary_info.c.obj
LOAD CMakeFiles/blink.dir/home/aleks/Documents/freertos-pico/pico-sdk/src/rp2_common/pico_printf/printf.c.obj
LOAD CMakeFiles/blink.dir/home/aleks/Documents/freertos-pico/pico-sdk/src/rp2_common/pico_crt0/crt0.S.obj
LOAD CMakeFiles/blink.dir/home/aleks/Documents/freertos-pico/pico-sdk/src/rp2_common/pico_clib_interface/newlib_interface.c.obj
LOAD CMakeFiles/blink.dir/home/aleks/Documents/freertos-pico/pico-sdk/src/rp2_common/pico_stdio/stdio.c.obj
LOAD CMakeFiles/blink.dir/home/aleks/Documents/freertos-pico/pico-sdk/src/rp2_common/pico_stdio_uart/stdio_uart.c.obj
LOAD CMakeFiles/blink.dir/home/aleks/Documents/freertos-pico/FreeRTOS-Kernel/portable/ThirdParty/GCC/RP2040/port.c.obj
LOAD CMakeFiles/blink.dir/home/aleks/Documents/freertos-pico/FreeRTOS-Kernel/croutine.c.obj
LOAD CMakeFiles/blink.dir/home/aleks/Documents/freertos-pico/FreeRTOS-Kernel/event_groups.c.obj
LOAD CMakeFiles/blink.dir/home/aleks/Documents/freertos-pico/FreeRTOS-Kernel/list.c.obj
LOAD CMakeFiles/blink.dir/home/aleks/Documents/freertos-pico/FreeRTOS-Kernel/queue.c.obj
LOAD CMakeFiles/blink.dir/home/aleks/Documents/freertos-pico/FreeRTOS-Kernel/stream_buffer.c.obj
LOAD CMakeFiles/blink.dir/home/aleks/Documents/freertos-pico/FreeRTOS-Kernel/tasks.c.obj
LOAD CMakeFiles/blink.dir/home/aleks/Documents/freertos-pico/FreeRTOS-Kernel/timers.c.obj
LOAD CMakeFiles/blink.dir/home/aleks/Documents/freertos-pico/pico-sdk/src/rp2_common/hardware_exception/exception.c.obj
LOAD CMakeFiles/blink.dir/home/aleks/Documents/freertos-pico/pico-sdk/src/rp2_common/pico_multicore/multicore.c.obj
LOAD CMakeFiles/blink.dir/home/aleks/Documents/freertos-pico/FreeRTOS-Kernel/portable/MemMang/heap_4.c.obj
LOAD /tmp/ccxXdyaR.o
LOAD /usr/lib/gcc/arm-none-eabi/14.1.0/../../../../arm-none-eabi/lib/thumb/v6-m/nofp/libstdc++.a
LOAD /usr/lib/gcc/arm-none-eabi/14.1.0/../../../../arm-none-eabi/lib/thumb/v6-m/nofp/libm.a
START GROUP
LOAD /usr/lib/gcc/arm-none-eabi/14.1.0/thumb/v6-m/nofp/libgcc.a
LOAD /usr/lib/gcc/arm-none-eabi/14.1.0/../../../../arm-none-eabi/lib/thumb/v6-m/nofp/libg.a
LOAD /usr/lib/gcc/arm-none-eabi/14.1.0/../../../../arm-none-eabi/lib/thumb/v6-m/nofp/libc.a
END GROUP
START GROUP
LOAD /usr/lib/gcc/arm-none-eabi/14.1.0/thumb/v6-m/nofp/libgcc.a
LOAD /usr/lib/gcc/arm-none-eabi/14.1.0/../../../../arm-none-eabi/lib/thumb/v6-m/nofp/libc.a
LOAD /usr/lib/gcc/arm-none-eabi/14.1.0/../../../../arm-none-eabi/lib/thumb/v6-m/nofp/libnosys.a
END GROUP
LOAD /usr/lib/gcc/arm-none-eabi/14.1.0/thumb/v6-m/nofp/crtend.o
LOAD /usr/lib/gcc/arm-none-eabi/14.1.0/thumb/v6-m/nofp/crtn.o
OUTPUT(blink.elf elf32-littlearm)
LOAD linker stubs

.ARM.attributes
                0x00000000       0x28
 .ARM.attributes
                0x00000000       0x1e /usr/lib/gcc/arm-none-eabi/14.1.0/thumb/v6-m/nofp/crti.o
 .ARM.attributes
                0x0000001e       0x2c /usr/lib/gcc/arm-none-eabi/14.1.0/thumb/v6-m/nofp/crtbegin.o
 .ARM.attributes
                0x0000004a       0x2c CMakeFiles/blink.dir/main.c.obj
 .ARM.attributes
                0x00000076       0x2c CMakeFiles/blink.dir/home/aleks/Documents/freertos-pico/pico-sdk/src/rp2_common/hardware_gpio/gpio.c.obj
 .ARM.attributes
                0x000000a2       0x2c CMakeFiles/blink.dir/home/aleks/Documents/freertos-pico/pico-sdk/src/rp2_common/pico_platform_panic/panic.c.obj
 .ARM.attributes
                0x000000ce       0x2c CMakeFiles/blink.dir/home/aleks/Documents/freertos-pico/pico-sdk/src/common/hardware_claim/claim.c.obj
 .ARM.attributes
                0x000000fa       0x2c CMakeFiles/blink.dir/home/aleks/Documents/freertos-pico/pico-sdk/src/rp2_common/hardware_sync/sync.c.obj
 .ARM.attributes
                0x00000126       0x2c CMakeFiles/blink.dir/home/aleks/Documents/freertos-pico/pico-sdk/src/rp2_common/hardware_sync_spin_lock/sync_spin_lock.c.obj
 .ARM.attributes
                0x00000152       0x2c CMakeFiles/blink.dir/home/aleks/Documents/freertos-pico/pico-sdk/src/rp2_common/hardware_irq/irq.c.obj
 .ARM.attributes
                0x0000017e       0x2c CMakeFiles/blink.dir/home/aleks/Documents/freertos-pico/pico-sdk/src/common/pico_sync/lock_core.c.obj
 .ARM.attributes
                0x000001aa       0x2c CMakeFiles/blink.dir/home/aleks/Documents/freertos-pico/pico-sdk/src/common/pico_sync/mutex.c.obj
 .ARM.attributes
                0x000001d6       0x2c CMakeFiles/blink.dir/home/aleks/Documents/freertos-pico/pico-sdk/src/common/pico_time/time.c.obj
 .ARM.attributes
                0x00000202       0x2c CMakeFiles/blink.dir/home/aleks/Documents/freertos-pico/pico-sdk/src/rp2_common/hardware_timer/timer.c.obj
 .ARM.attributes
                0x0000022e       0x2c CMakeFiles/blink.dir/home/aleks/Documents/freertos-pico/pico-sdk/src/rp2_common/hardware_clocks/clocks.c.obj
 .ARM.attributes
                0x0000025a       0x2c CMakeFiles/blink.dir/home/aleks/Documents/freertos-pico/pico-sdk/src/rp2_common/hardware_pll/pll.c.obj
 .ARM.attributes
                0x00000286       0x2c CMakeFiles/blink.dir/home/aleks/Documents/freertos-pico/pico-sdk/src/rp2_common/hardware_ticks/ticks.c.obj
 .ARM.attributes
                0x000002b2       0x2c CMakeFiles/blink.dir/home/aleks/Documents/freertos-pico/pico-sdk/src/rp2_common/hardware_xosc/xosc.c.obj
 .ARM.attributes
                0x000002de       0x2c CMakeFiles/blink.dir/home/aleks/Documents/freertos-pico/pico-sdk/src/rp2_common/pico_runtime/runtime.c.obj
 .ARM.attributes
                0x0000030a       0x2c CMakeFiles/blink.dir/home/aleks/Documents/freertos-pico/pico-sdk/src/rp2_common/pico_runtime_init/runtime_init.c.obj
 .ARM.attributes
                0x00000336       0x2c CMakeFiles/blink.dir/home/aleks/Documents/freertos-pico/pico-sdk/src/rp2_common/pico_runtime_init/runtime_init_clocks.c.obj
 .ARM.attributes
                0x00000362       0x22 CMakeFiles/blink.dir/home/aleks/Documents/freertos-pico/pico-sdk/src/rp2_common/pico_bit_ops/bit_ops_aeabi.S.obj
 .ARM.attributes
                0x00000384       0x2c CMakeFiles/blink.dir/home/aleks/Documents/freertos-pico/pico-sdk/src/rp2_common/pico_bootrom/bootrom.c.obj
 .ARM.attributes
                0x000003b0       0x22 CMakeFiles/blink.dir/home/aleks/Documents/freertos-pico/pico-sdk/src/rp2_common/pico_divider/divider_hardware.S.obj
 .ARM.attributes
                0x000003d2       0x22 CMakeFiles/blink.dir/home/aleks/Documents/freertos-pico/pico-sdk/src/rp2_common/pico_double/double_aeabi_rp2040.S.obj
 .ARM.attributes
                0x000003f4       0x2c CMakeFiles/blink.dir/home/aleks/Documents/freertos-pico/pico-sdk/src/rp2_common/pico_double/double_init_rom_rp2040.c.obj
 .ARM.attributes
                0x00000420       0x22 CMakeFiles/blink.dir/home/aleks/Documents/freertos-pico/pico-sdk/src/rp2_common/pico_double/double_v1_rom_shim_rp2040.S.obj
 .ARM.attributes
                0x00000442       0x22 CMakeFiles/blink.dir/home/aleks/Documents/freertos-pico/pico-sdk/src/rp2_common/pico_float/float_aeabi_rp2040.S.obj
 .ARM.attributes
                0x00000464       0x2c CMakeFiles/blink.dir/home/aleks/Documents/freertos-pico/pico-sdk/src/rp2_common/pico_float/float_init_rom_rp2040.c.obj
 .ARM.attributes
                0x00000490       0x22 CMakeFiles/blink.dir/home/aleks/Documents/freertos-pico/pico-sdk/src/rp2_common/pico_float/float_v1_rom_shim_rp2040.S.obj
 .ARM.attributes
                0x000004b2       0x2c CMakeFiles/blink.dir/home/aleks/Documents/freertos-pico/pico-sdk/src/rp2_common/pico_malloc/malloc.c.obj
 .ARM.attributes
                0x000004de       0x22 CMakeFiles/blink.dir/home/aleks/Documents/freertos-pico/pico-sdk/src/rp2_common/pico_mem_ops/mem_ops_aeabi.S.obj
 .ARM.attributes
                0x00000500       0x2c CMakeFiles/blink.dir/home/aleks/Documents/freertos-pico/pico-sdk/src/rp2_common/pico_standard_binary_info/standard_binary_info.c.obj
 .ARM.attributes
                0x0000052c       0x2c CMakeFiles/blink.dir/home/aleks/Documents/freertos-pico/pico-sdk/src/rp2_common/pico_printf/printf.c.obj
 .ARM.attributes
                0x00000558       0x22 CMakeFiles/blink.dir/home/aleks/Documents/freertos-pico/pico-sdk/src/rp2_common/pico_crt0/crt0.S.obj
 .ARM.attributes
                0x0000057a       0x2c CMakeFiles/blink.dir/home/aleks/Documents/freertos-pico/pico-sdk/src/rp2_common/pico_clib_interface/newlib_interface.c.obj
 .ARM.attributes
                0x000005a6       0x2c CMakeFiles/blink.dir/home/aleks/Documents/freertos-pico/pico-sdk/src/rp2_common/pico_stdio/stdio.c.obj
 .ARM.attributes
                0x000005d2       0x2c CMakeFiles/blink.dir/home/aleks/Documents/freertos-pico/FreeRTOS-Kernel/portable/ThirdParty/GCC/RP2040/port.c.obj
 .ARM.attributes
                0x000005fe       0x2c CMakeFiles/blink.dir/home/aleks/Documents/freertos-pico/FreeRTOS-Kernel/event_groups.c.obj
 .ARM.attributes
                0x0000062a       0x2c CMakeFiles/blink.dir/home/aleks/Documents/freertos-pico/FreeRTOS-Kernel/list.c.obj
 .ARM.attributes
                0x00000656       0x2c CMakeFiles/blink.dir/home/aleks/Documents/freertos-pico/FreeRTOS-Kernel/queue.c.obj
 .ARM.attributes
                0x00000682       0x2c CMakeFiles/blink.dir/home/aleks/Documents/freertos-pico/FreeRTOS-Kernel/tasks.c.obj
 .ARM.attributes
                0x000006ae       0x2c CMakeFiles/blink.dir/home/aleks/Documents/freertos-pico/FreeRTOS-Kernel/timers.c.obj
 .ARM.attributes
                0x000006da       0x2c CMakeFiles/blink.dir/home/aleks/Documents/freertos-pico/pico-sdk/src/rp2_common/hardware_exception/exception.c.obj
 .ARM.attributes
                0x00000706       0x2c CMakeFiles/blink.dir/home/aleks/Documents/freertos-pico/pico-sdk/src/rp2_common/pico_multicore/multicore.c.obj
 .ARM.attributes
                0x00000732       0x2c CMakeFiles/blink.dir/home/aleks/Documents/freertos-pico/FreeRTOS-Kernel/portable/MemMang/heap_4.c.obj
 .ARM.attributes
                0x0000075e       0x22 /tmp/ccxXdyaR.o
 .ARM.attributes
                0x00000780       0x1e /usr/lib/gcc/arm-none-eabi/14.1.0/thumb/v6-m/nofp/libgcc.a(_dvmd_tls.o)
 .ARM.attributes
                0x0000079e       0x2c /usr/lib/gcc/arm-none-eabi/14.1.0/../../../../arm-none-eabi/lib/thumb/v6-m/nofp/libg.a(libc_a-atexit.o)
 .ARM.attributes
                0x000007ca       0x2c /usr/lib/gcc/arm-none-eabi/14.1.0/../../../../arm-none-eabi/lib/thumb/v6-m/nofp/libg.a(libc_a-fini.o)
 .ARM.attributes
                0x000007f6       0x2c /usr/lib/gcc/arm-none-eabi/14.1.0/../../../../arm-none-eabi/lib/thumb/v6-m/nofp/libg.a(libc_a-lock.o)
 .ARM.attributes
                0x00000822       0x2c /usr/lib/gcc/arm-none-eabi/14.1.0/../../../../arm-none-eabi/lib/thumb/v6-m/nofp/libg.a(libc_a-strlen-stub.o)
 .ARM.attributes
                0x0000084e       0x2c /usr/lib/gcc/arm-none-eabi/14.1.0/../../../../arm-none-eabi/lib/thumb/v6-m/nofp/libg.a(libc_a-__atexit.o)
 .ARM.attributes
                0x0000087a       0x2c /usr/lib/gcc/arm-none-eabi/14.1.0/../../../../arm-none-eabi/lib/thumb/v6-m/nofp/libg.a(libc_a-__call_atexit.o)
 .ARM.attributes
                0x000008a6       0x2c /usr/lib/gcc/arm-none-eabi/14.1.0/thumb/v6-m/nofp/crtend.o

.comment        0x00000000       0x46
 .comment       0x00000000       0x46 /usr/lib/gcc/arm-none-eabi/14.1.0/thumb/v6-m/nofp/crtbegin.o
                                 0x24 (size before relaxing)
 .comment       0x00000046       0x24 CMakeFiles/blink.dir/main.c.obj
 .comment       0x00000046       0x24 CMakeFiles/blink.dir/home/aleks/Documents/freertos-pico/pico-sdk/src/rp2_common/hardware_gpio/gpio.c.obj
 .comment       0x00000046       0x24 CMakeFiles/blink.dir/home/aleks/Documents/freertos-pico/pico-sdk/src/rp2_common/pico_platform_panic/panic.c.obj
 .comment       0x00000046       0x24 CMakeFiles/blink.dir/home/aleks/Documents/freertos-pico/pico-sdk/src/common/hardware_claim/claim.c.obj
 .comment       0x00000046       0x24 CMakeFiles/blink.dir/home/aleks/Documents/freertos-pico/pico-sdk/src/rp2_common/hardware_sync/sync.c.obj
 .comment       0x00000046       0x24 CMakeFiles/blink.dir/home/aleks/Documents/freertos-pico/pico-sdk/src/rp2_common/hardware_sync_spin_lock/sync_spin_lock.c.obj
 .comment       0x00000046       0x24 CMakeFiles/blink.dir/home/aleks/Documents/freertos-pico/pico-sdk/src/rp2_common/hardware_irq/irq.c.obj
 .comment       0x00000046       0x24 CMakeFiles/blink.dir/home/aleks/Documents/freertos-pico/pico-sdk/src/common/pico_sync/lock_core.c.obj
 .comment       0x00000046       0x24 CMakeFiles/blink.dir/home/aleks/Documents/freertos-pico/pico-sdk/src/common/pico_sync/mutex.c.obj
 .comment       0x00000046       0x24 CMakeFiles/blink.dir/home/aleks/Documents/freertos-pico/pico-sdk/src/common/pico_time/time.c.obj
 .comment       0x00000046       0x24 CMakeFiles/blink.dir/home/aleks/Documents/freertos-pico/pico-sdk/src/rp2_common/hardware_timer/timer.c.obj
 .comment       0x00000046       0x24 CMakeFiles/blink.dir/home/aleks/Documents/freertos-pico/pico-sdk/src/rp2_common/hardware_clocks/clocks.c.obj
 .comment       0x00000046       0x24 CMakeFiles/blink.dir/home/aleks/Documents/freertos-pico/pico-sdk/src/rp2_common/hardware_pll/pll.c.obj
 .comment       0x00000046       0x24 CMakeFiles/blink.dir/home/aleks/Documents/freertos-pico/pico-sdk/src/rp2_common/hardware_ticks/ticks.c.obj
 .comment       0x00000046       0x24 CMakeFiles/blink.dir/home/aleks/Documents/freertos-pico/pico-sdk/src/rp2_common/hardware_xosc/xosc.c.obj
 .comment       0x00000046       0x24 CMakeFiles/blink.dir/home/aleks/Documents/freertos-pico/pico-sdk/src/rp2_common/pico_runtime/runtime.c.obj
 .comment       0x00000046       0x24 CMakeFiles/blink.dir/home/aleks/Documents/freertos-pico/pico-sdk/src/rp2_common/pico_runtime_init/runtime_init.c.obj
 .comment       0x00000046       0x24 CMakeFiles/blink.dir/home/aleks/Documents/freertos-pico/pico-sdk/src/rp2_common/pico_runtime_init/runtime_init_clocks.c.obj
 .comment       0x00000046       0x24 CMakeFiles/blink.dir/home/aleks/Documents/freertos-pico/pico-sdk/src/rp2_common/pico_bootrom/bootrom.c.obj
 .comment       0x00000046       0x24 CMakeFiles/blink.dir/home/aleks/Documents/freertos-pico/pico-sdk/src/rp2_common/pico_double/double_init_rom_rp2040.c.obj
 .comment       0x00000046       0x24 CMakeFiles/blink.dir/home/aleks/Documents/freertos-pico/pico-sdk/src/rp2_common/pico_float/float_init_rom_rp2040.c.obj
 .comment       0x00000046       0x24 CMakeFiles/blink.dir/home/aleks/Documents/freertos-pico/pico-sdk/src/rp2_common/pico_malloc/malloc.c.obj
 .comment       0x00000046       0x24 CMakeFiles/blink.dir/home/aleks/Documents/freertos-pico/pico-sdk/src/rp2_common/pico_standard_binary_info/standard_binary_info.c.obj
 .comment       0x00000046       0x24 CMakeFiles/blink.dir/home/aleks/Documents/freertos-pico/pico-sdk/src/rp2_common/pico_printf/printf.c.obj
 .comment       0x00000046       0x24 CMakeFiles/blink.dir/home/aleks/Documents/freertos-pico/pico-sdk/src/rp2_common/pico_clib_interface/newlib_interface.c.obj
 .comment       0x00000046       0x24 CMakeFiles/blink.dir/home/aleks/Documents/freertos-pico/pico-sdk/src/rp2_common/pico_stdio/stdio.c.obj
 .comment       0x00000046       0x24 CMakeFiles/blink.dir/home/aleks/Documents/freertos-pico/FreeRTOS-Kernel/portable/ThirdParty/GCC/RP2040/port.c.obj
 .comment       0x00000046       0x24 CMakeFiles/blink.dir/home/aleks/Documents/freertos-pico/FreeRTOS-Kernel/event_groups.c.obj
 .comment       0x00000046       0x24 CMakeFiles/blink.dir/home/aleks/Documents/freertos-pico/FreeRTOS-Kernel/list.c.obj
 .comment       0x00000046       0x24 CMakeFiles/blink.dir/home/aleks/Documents/freertos-pico/FreeRTOS-Kernel/queue.c.obj
 .comment       0x00000046       0x24 CMakeFiles/blink.dir/home/aleks/Documents/freertos-pico/FreeRTOS-Kernel/tasks.c.obj
 .comment       0x00000046       0x24 CMakeFiles/blink.dir/home/aleks/Documents/freertos-pico/FreeRTOS-Kernel/timers.c.obj
 .comment       0x00000046       0x24 CMakeFiles/blink.dir/home/aleks/Documents/freertos-pico/pico-sdk/src/rp2_common/hardware_exception/exception.c.obj
 .comment       0x00000046       0x24 CMakeFiles/blink.dir/home/aleks/Documents/freertos-pico/pico-sdk/src/rp2_common/pico_multicore/multicore.c.obj
 .comment       0x00000046       0x24 CMakeFiles/blink.dir/home/aleks/Documents/freertos-pico/FreeRTOS-Kernel/portable/MemMang/heap_4.c.obj
 .comment       0x00000046       0x24 /usr/lib/gcc/arm-none-eabi/14.1.0/../../../../arm-none-eabi/lib/thumb/v6-m/nofp/libg.a(libc_a-atexit.o)
 .comment       0x00000046       0x24 /usr/lib/gcc/arm-none-eabi/14.1.0/../../../../arm-none-eabi/lib/thumb/v6-m/nofp/libg.a(libc_a-fini.o)
 .comment       0x00000046       0x24 /usr/lib/gcc/arm-none-eabi/14.1.0/../../../../arm-none-eabi/lib/thumb/v6-m/nofp/libg.a(libc_a-lock.o)
 .comment       0x00000046       0x24 /usr/lib/gcc/arm-none-eabi/14.1.0/../../../../arm-none-eabi/lib/thumb/v6-m/nofp/libg.a(libc_a-strlen-stub.o)
 .comment       0x00000046       0x24 /usr/lib/gcc/arm-none-eabi/14.1.0/../../../../arm-none-eabi/lib/thumb/v6-m/nofp/libg.a(libc_a-__atexit.o)
 .comment       0x00000046       0x24 /usr/lib/gcc/arm-none-eabi/14.1.0/../../../../arm-none-eabi/lib/thumb/v6-m/nofp/libg.a(libc_a-__call_atexit.o)
 .comment       0x00000046       0x24 /usr/lib/gcc/arm-none-eabi/14.1.0/thumb/v6-m/nofp/crtend.o

.debug_info     0x00000000    0x32efa
 .debug_info    0x00000000      0x71b CMakeFiles/blink.dir/main.c.obj
 .debug_info    0x0000071b     0x242f CMakeFiles/blink.dir/home/aleks/Documents/freertos-pico/pico-sdk/src/rp2_common/hardware_gpio/gpio.c.obj
 .debug_info    0x00002b4a      0x1bf CMakeFiles/blink.dir/home/aleks/Documents/freertos-pico/pico-sdk/src/rp2_common/pico_platform_panic/panic.c.obj
 .debug_info    0x00002d09      0x999 CMakeFiles/blink.dir/home/aleks/Documents/freertos-pico/pico-sdk/src/common/hardware_claim/claim.c.obj
 .debug_info    0x000036a2      0x45c CMakeFiles/blink.dir/home/aleks/Documents/freertos-pico/pico-sdk/src/rp2_common/hardware_sync/sync.c.obj
 .debug_info    0x00003afe      0x245 CMakeFiles/blink.dir/home/aleks/Documents/freertos-pico/pico-sdk/src/rp2_common/hardware_sync_spin_lock/sync_spin_lock.c.obj
 .debug_info    0x00003d43     0x21aa CMakeFiles/blink.dir/home/aleks/Documents/freertos-pico/pico-sdk/src/rp2_common/hardware_irq/irq.c.obj
 .debug_info    0x00005eed      0x15f CMakeFiles/blink.dir/home/aleks/Documents/freertos-pico/pico-sdk/src/common/pico_sync/lock_core.c.obj
 .debug_info    0x0000604c     0x21ed CMakeFiles/blink.dir/home/aleks/Documents/freertos-pico/pico-sdk/src/common/pico_sync/mutex.c.obj
 .debug_info    0x00008239     0x4f06 CMakeFiles/blink.dir/home/aleks/Documents/freertos-pico/pico-sdk/src/common/pico_time/time.c.obj
 .debug_info    0x0000d13f     0x2af8 CMakeFiles/blink.dir/home/aleks/Documents/freertos-pico/pico-sdk/src/rp2_common/hardware_timer/timer.c.obj
 .debug_info    0x0000fc37     0x2954 CMakeFiles/blink.dir/home/aleks/Documents/freertos-pico/pico-sdk/src/rp2_common/hardware_clocks/clocks.c.obj
 .debug_info    0x0001258b      0x4e5 CMakeFiles/blink.dir/home/aleks/Documents/freertos-pico/pico-sdk/src/rp2_common/hardware_pll/pll.c.obj
 .debug_info    0x00012a70      0x248 CMakeFiles/blink.dir/home/aleks/Documents/freertos-pico/pico-sdk/src/rp2_common/hardware_ticks/ticks.c.obj
 .debug_info    0x00012cb8      0x1cc CMakeFiles/blink.dir/home/aleks/Documents/freertos-pico/pico-sdk/src/rp2_common/hardware_xosc/xosc.c.obj
 .debug_info    0x00012e84      0x21a CMakeFiles/blink.dir/home/aleks/Documents/freertos-pico/pico-sdk/src/rp2_common/pico_runtime/runtime.c.obj
 .debug_info    0x0001309e      0x795 CMakeFiles/blink.dir/home/aleks/Documents/freertos-pico/pico-sdk/src/rp2_common/pico_runtime_init/runtime_init.c.obj
 .debug_info    0x00013833      0x781 CMakeFiles/blink.dir/home/aleks/Documents/freertos-pico/pico-sdk/src/rp2_common/pico_runtime_init/runtime_init_clocks.c.obj
 .debug_info    0x00013fb4       0x23 CMakeFiles/blink.dir/home/aleks/Documents/freertos-pico/pico-sdk/src/rp2_common/pico_bit_ops/bit_ops_aeabi.S.obj
 .debug_info    0x00013fd7      0x50f CMakeFiles/blink.dir/home/aleks/Documents/freertos-pico/pico-sdk/src/rp2_common/pico_bootrom/bootrom.c.obj
 .debug_info    0x000144e6       0x23 CMakeFiles/blink.dir/home/aleks/Documents/freertos-pico/pico-sdk/src/rp2_common/pico_divider/divider_hardware.S.obj
 .debug_info    0x00014509       0x23 CMakeFiles/blink.dir/home/aleks/Documents/freertos-pico/pico-sdk/src/rp2_common/pico_double/double_aeabi_rp2040.S.obj
 .debug_info    0x0001452c      0x277 CMakeFiles/blink.dir/home/aleks/Documents/freertos-pico/pico-sdk/src/rp2_common/pico_double/double_init_rom_rp2040.c.obj
 .debug_info    0x000147a3       0x23 CMakeFiles/blink.dir/home/aleks/Documents/freertos-pico/pico-sdk/src/rp2_common/pico_double/double_v1_rom_shim_rp2040.S.obj
 .debug_info    0x000147c6       0x23 CMakeFiles/blink.dir/home/aleks/Documents/freertos-pico/pico-sdk/src/rp2_common/pico_float/float_aeabi_rp2040.S.obj
 .debug_info    0x000147e9      0x277 CMakeFiles/blink.dir/home/aleks/Documents/freertos-pico/pico-sdk/src/rp2_common/pico_float/float_init_rom_rp2040.c.obj
 .debug_info    0x00014a60       0x23 CMakeFiles/blink.dir/home/aleks/Documents/freertos-pico/pico-sdk/src/rp2_common/pico_float/float_v1_rom_shim_rp2040.S.obj
 .debug_info    0x00014a83      0x601 CMakeFiles/blink.dir/home/aleks/Documents/freertos-pico/pico-sdk/src/rp2_common/pico_malloc/malloc.c.obj